10:35:19 **** Build of configuration Debug for project ExamSysNum ****
make -j8 all 
arm-none-eabi-gcc "../Drivers/STM32L4xx_HAL_Driver/Src/stm32l4xx_hal.c" -mcpu=cortex-m4 -std=gnu11 -g3 -DDEBUG -DUSE_HAL_DRIVER -DSTM32L476xx -c -I../Core/Inc -I../Drivers/STM32L4xx_HAL_Driver/Inc -I../Drivers/STM32L4xx_HAL_Driver/Inc/Legacy -I../Drivers/CMSIS/Device/ST/STM32L4xx/Include -I../Drivers/CMSIS/Include -O0 -ffunction-sections -fdata-sections -Wall -fstack-usage -fcyclomatic-complexity -MMD -MP -MF"Drivers/STM32L4xx_HAL_Driver/Src/stm32l4xx_hal.d" -MT"Drivers/STM32L4xx_HAL_Driver/Src/stm32l4xx_hal.o" --specs=nano.specs -mfpu=fpv4-sp-d16 -mfloat-abi=hard -mthumb -o "Drivers/STM32L4xx_HAL_Driver/Src/stm32l4xx_hal.o"
arm-none-eabi-gcc "../Drivers/STM32L4xx_HAL_Driver/Src/stm32l4xx_hal_cortex.c" -mcpu=cortex-m4 -std=gnu11 -g3 -DDEBUG -DUSE_HAL_DRIVER -DSTM32L476xx -c -I../Core/Inc -I../Drivers/STM32L4xx_HAL_Driver/Inc -I../Drivers/STM32L4xx_HAL_Driver/Inc/Legacy -I../Drivers/CMSIS/Device/ST/STM32L4xx/Include -I../Drivers/CMSIS/Include -O0 -ffunction-sections -fdata-sections -Wall -fstack-usage -fcyclomatic-complexity -MMD -MP -MF"Drivers/STM32L4xx_HAL_Driver/Src/stm32l4xx_hal_cortex.d" -MT"Drivers/STM32L4xx_HAL_Driver/Src/stm32l4xx_hal_cortex.o" --specs=nano.specs -mfpu=fpv4-sp-d16 -mfloat-abi=hard -mthumb -o "Drivers/STM32L4xx_HAL_Driver/Src/stm32l4xx_hal_cortex.o"
arm-none-eabi-gcc "../Drivers/STM32L4xx_HAL_Driver/Src/stm32l4xx_hal_dma.c" -mcpu=cortex-m4 -std=gnu11 -g3 -DDEBUG -DUSE_HAL_DRIVER -DSTM32L476xx -c -I../Core/Inc -I../Drivers/STM32L4xx_HAL_Driver/Inc -I../Drivers/STM32L4xx_HAL_Driver/Inc/Legacy -I../Drivers/CMSIS/Device/ST/STM32L4xx/Include -I../Drivers/CMSIS/Include -O0 -ffunction-sections -fdata-sections -Wall -fstack-usage -fcyclomatic-complexity -MMD -MP -MF"Drivers/STM32L4xx_HAL_Driver/Src/stm32l4xx_hal_dma.d" -MT"Drivers/STM32L4xx_HAL_Driver/Src/stm32l4xx_hal_dma.o" --specs=nano.specs -mfpu=fpv4-sp-d16 -mfloat-abi=hard -mthumb -o "Drivers/STM32L4xx_HAL_Driver/Src/stm32l4xx_hal_dma.o"
arm-none-eabi-gcc "../Drivers/STM32L4xx_HAL_Driver/Src/stm32l4xx_hal_dma_ex.c" -mcpu=cortex-m4 -std=gnu11 -g3 -DDEBUG -DUSE_HAL_DRIVER -DSTM32L476xx -c -I../Core/Inc -I../Drivers/STM32L4xx_HAL_Driver/Inc -I../Drivers/STM32L4xx_HAL_Driver/Inc/Legacy -I../Drivers/CMSIS/Device/ST/STM32L4xx/Include -I../Drivers/CMSIS/Include -O0 -ffunction-sections -fdata-sections -Wall -fstack-usage -fcyclomatic-complexity -MMD -MP -MF"Drivers/STM32L4xx_HAL_Driver/Src/stm32l4xx_hal_dma_ex.d" -MT"Drivers/STM32L4xx_HAL_Driver/Src/stm32l4xx_hal_dma_ex.o" --specs=nano.specs -mfpu=fpv4-sp-d16 -mfloat-abi=hard -mthumb -o "Drivers/STM32L4xx_HAL_Driver/Src/stm32l4xx_hal_dma_ex.o"
arm-none-eabi-gcc "../Drivers/STM32L4xx_HAL_Driver/Src/stm32l4xx_hal_exti.c" -mcpu=cortex-m4 -std=gnu11 -g3 -DDEBUG -DUSE_HAL_DRIVER -DSTM32L476xx -c -I../Core/Inc -I../Drivers/STM32L4xx_HAL_Driver/Inc -I../Drivers/STM32L4xx_HAL_Driver/Inc/Legacy -I../Drivers/CMSIS/Device/ST/STM32L4xx/Include -I../Drivers/CMSIS/Include -O0 -ffunction-sections -fdata-sections -Wall -fstack-usage -fcyclomatic-complexity -MMD -MP -MF"Drivers/STM32L4xx_HAL_Driver/Src/stm32l4xx_hal_exti.d" -MT"Drivers/STM32L4xx_HAL_Driver/Src/stm32l4xx_hal_exti.o" --specs=nano.specs -mfpu=fpv4-sp-d16 -mfloat-abi=hard -mthumb -o "Drivers/STM32L4xx_HAL_Driver/Src/stm32l4xx_hal_exti.o"
arm-none-eabi-gcc "../Drivers/STM32L4xx_HAL_Driver/Src/stm32l4xx_hal_flash.c" -mcpu=cortex-m4 -std=gnu11 -g3 -DDEBUG -DUSE_HAL_DRIVER -DSTM32L476xx -c -I../Core/Inc -I../Drivers/STM32L4xx_HAL_Driver/Inc -I../Drivers/STM32L4xx_HAL_Driver/Inc/Legacy -I../Drivers/CMSIS/Device/ST/STM32L4xx/Include -I../Drivers/CMSIS/Include -O0 -ffunction-sections -fdata-sections -Wall -fstack-usage -fcyclomatic-complexity -MMD -MP -MF"Drivers/STM32L4xx_HAL_Driver/Src/stm32l4xx_hal_flash.d" -MT"Drivers/STM32L4xx_HAL_Driver/Src/stm32l4xx_hal_flash.o" --specs=nano.specs -mfpu=fpv4-sp-d16 -mfloat-abi=hard -mthumb -o "Drivers/STM32L4xx_HAL_Driver/Src/stm32l4xx_hal_flash.o"
arm-none-eabi-gcc "../Drivers/STM32L4xx_HAL_Driver/Src/stm32l4xx_hal_flash_ex.c" -mcpu=cortex-m4 -std=gnu11 -g3 -DDEBUG -DUSE_HAL_DRIVER -DSTM32L476xx -c -I../Core/Inc -I../Drivers/STM32L4xx_HAL_Driver/Inc -I../Drivers/STM32L4xx_HAL_Driver/Inc/Legacy -I../Drivers/CMSIS/Device/ST/STM32L4xx/Include -I../Drivers/CMSIS/Include -O0 -ffunction-sections -fdata-sections -Wall -fstack-usage -fcyclomatic-complexity -MMD -MP -MF"Drivers/STM32L4xx_HAL_Driver/Src/stm32l4xx_hal_flash_ex.d" -MT"Drivers/STM32L4xx_HAL_Driver/Src/stm32l4xx_hal_flash_ex.o" --specs=nano.specs -mfpu=fpv4-sp-d16 -mfloat-abi=hard -mthumb -o "Drivers/STM32L4xx_HAL_Driver/Src/stm32l4xx_hal_flash_ex.o"
arm-none-eabi-gcc "../Drivers/STM32L4xx_HAL_Driver/Src/stm32l4xx_hal_flash_ramfunc.c" -mcpu=cortex-m4 -std=gnu11 -g3 -DDEBUG -DUSE_HAL_DRIVER -DSTM32L476xx -c -I../Core/Inc -I../Drivers/STM32L4xx_HAL_Driver/Inc -I../Drivers/STM32L4xx_HAL_Driver/Inc/Legacy -I../Drivers/CMSIS/Device/ST/STM32L4xx/Include -I../Drivers/CMSIS/Include -O0 -ffunction-sections -fdata-sections -Wall -fstack-usage -fcyclomatic-complexity -MMD -MP -MF"Drivers/STM32L4xx_HAL_Driver/Src/stm32l4xx_hal_flash_ramfunc.d" -MT"Drivers/STM32L4xx_HAL_Driver/Src/stm32l4xx_hal_flash_ramfunc.o" --specs=nano.specs -mfpu=fpv4-sp-d16 -mfloat-abi=hard -mthumb -o "Drivers/STM32L4xx_HAL_Driver/Src/stm32l4xx_hal_flash_ramfunc.o"
arm-none-eabi-gcc "../Drivers/STM32L4xx_HAL_Driver/Src/stm32l4xx_hal_gpio.c" -mcpu=cortex-m4 -std=gnu11 -g3 -DDEBUG -DUSE_HAL_DRIVER -DSTM32L476xx -c -I../Core/Inc -I../Drivers/STM32L4xx_HAL_Driver/Inc -I../Drivers/STM32L4xx_HAL_Driver/Inc/Legacy -I../Drivers/CMSIS/Device/ST/STM32L4xx/Include -I../Drivers/CMSIS/Include -O0 -ffunction-sections -fdata-sections -Wall -fstack-usage -fcyclomatic-complexity -MMD -MP -MF"Drivers/STM32L4xx_HAL_Driver/Src/stm32l4xx_hal_gpio.d" -MT"Drivers/STM32L4xx_HAL_Driver/Src/stm32l4xx_hal_gpio.o" --specs=nano.specs -mfpu=fpv4-sp-d16 -mfloat-abi=hard -mthumb -o "Drivers/STM32L4xx_HAL_Driver/Src/stm32l4xx_hal_gpio.o"
arm-none-eabi-gcc "../Drivers/STM32L4xx_HAL_Driver/Src/stm32l4xx_hal_i2c.c" -mcpu=cortex-m4 -std=gnu11 -g3 -DDEBUG -DUSE_HAL_DRIVER -DSTM32L476xx -c -I../Core/Inc -I../Drivers/STM32L4xx_HAL_Driver/Inc -I../Drivers/STM32L4xx_HAL_Driver/Inc/Legacy -I../Drivers/CMSIS/Device/ST/STM32L4xx/Include -I../Drivers/CMSIS/Include -O0 -ffunction-sections -fdata-sections -Wall -fstack-usage -fcyclomatic-complexity -MMD -MP -MF"Drivers/STM32L4xx_HAL_Driver/Src/stm32l4xx_hal_i2c.d" -MT"Drivers/STM32L4xx_HAL_Driver/Src/stm32l4xx_hal_i2c.o" --specs=nano.specs -mfpu=fpv4-sp-d16 -mfloat-abi=hard -mthumb -o "Drivers/STM32L4xx_HAL_Driver/Src/stm32l4xx_hal_i2c.o"
arm-none-eabi-gcc "../Drivers/STM32L4xx_HAL_Driver/Src/stm32l4xx_hal_i2c_ex.c" -mcpu=cortex-m4 -std=gnu11 -g3 -DDEBUG -DUSE_HAL_DRIVER -DSTM32L476xx -c -I../Core/Inc -I../Drivers/STM32L4xx_HAL_Driver/Inc -I../Drivers/STM32L4xx_HAL_Driver/Inc/Legacy -I../Drivers/CMSIS/Device/ST/STM32L4xx/Include -I../Drivers/CMSIS/Include -O0 -ffunction-sections -fdata-sections -Wall -fstack-usage -fcyclomatic-complexity -MMD -MP -MF"Drivers/STM32L4xx_HAL_Driver/Src/stm32l4xx_hal_i2c_ex.d" -MT"Drivers/STM32L4xx_HAL_Driver/Src/stm32l4xx_hal_i2c_ex.o" --specs=nano.specs -mfpu=fpv4-sp-d16 -mfloat-abi=hard -mthumb -o "Drivers/STM32L4xx_HAL_Driver/Src/stm32l4xx_hal_i2c_ex.o"
arm-none-eabi-gcc "../Drivers/STM32L4xx_HAL_Driver/Src/stm32l4xx_hal_pwr.c" -mcpu=cortex-m4 -std=gnu11 -g3 -DDEBUG -DUSE_HAL_DRIVER -DSTM32L476xx -c -I../Core/Inc -I../Drivers/STM32L4xx_HAL_Driver/Inc -I../Drivers/STM32L4xx_HAL_Driver/Inc/Legacy -I../Drivers/CMSIS/Device/ST/STM32L4xx/Include -I../Drivers/CMSIS/Include -O0 -ffunction-sections -fdata-sections -Wall -fstack-usage -fcyclomatic-complexity -MMD -MP -MF"Drivers/STM32L4xx_HAL_Driver/Src/stm32l4xx_hal_pwr.d" -MT"Drivers/STM32L4xx_HAL_Driver/Src/stm32l4xx_hal_pwr.o" --specs=nano.specs -mfpu=fpv4-sp-d16 -mfloat-abi=hard -mthumb -o "Drivers/STM32L4xx_HAL_Driver/Src/stm32l4xx_hal_pwr.o"
arm-none-eabi-gcc "../Drivers/STM32L4xx_HAL_Driver/Src/stm32l4xx_hal_pwr_ex.c" -mcpu=cortex-m4 -std=gnu11 -g3 -DDEBUG -DUSE_HAL_DRIVER -DSTM32L476xx -c -I../Core/Inc -I../Drivers/STM32L4xx_HAL_Driver/Inc -I../Drivers/STM32L4xx_HAL_Driver/Inc/Legacy -I../Drivers/CMSIS/Device/ST/STM32L4xx/Include -I../Drivers/CMSIS/Include -O0 -ffunction-sections -fdata-sections -Wall -fstack-usage -fcyclomatic-complexity -MMD -MP -MF"Drivers/STM32L4xx_HAL_Driver/Src/stm32l4xx_hal_pwr_ex.d" -MT"Drivers/STM32L4xx_HAL_Driver/Src/stm32l4xx_hal_pwr_ex.o" --specs=nano.specs -mfpu=fpv4-sp-d16 -mfloat-abi=hard -mthumb -o "Drivers/STM32L4xx_HAL_Driver/Src/stm32l4xx_hal_pwr_ex.o"
arm-none-eabi-gcc "../Drivers/STM32L4xx_HAL_Driver/Src/stm32l4xx_hal_rcc.c" -mcpu=cortex-m4 -std=gnu11 -g3 -DDEBUG -DUSE_HAL_DRIVER -DSTM32L476xx -c -I../Core/Inc -I../Drivers/STM32L4xx_HAL_Driver/Inc -I../Drivers/STM32L4xx_HAL_Driver/Inc/Legacy -I../Drivers/CMSIS/Device/ST/STM32L4xx/Include -I../Drivers/CMSIS/Include -O0 -ffunction-sections -fdata-sections -Wall -fstack-usage -fcyclomatic-complexity -MMD -MP -MF"Drivers/STM32L4xx_HAL_Driver/Src/stm32l4xx_hal_rcc.d" -MT"Drivers/STM32L4xx_HAL_Driver/Src/stm32l4xx_hal_rcc.o" --specs=nano.specs -mfpu=fpv4-sp-d16 -mfloat-abi=hard -mthumb -o "Drivers/STM32L4xx_HAL_Driver/Src/stm32l4xx_hal_rcc.o"
arm-none-eabi-gcc "../Drivers/STM32L4xx_HAL_Driver/Src/stm32l4xx_hal_rcc_ex.c" -mcpu=cortex-m4 -std=gnu11 -g3 -DDEBUG -DUSE_HAL_DRIVER -DSTM32L476xx -c -I../Core/Inc -I../Drivers/STM32L4xx_HAL_Driver/Inc -I../Drivers/STM32L4xx_HAL_Driver/Inc/Legacy -I../Drivers/CMSIS/Device/ST/STM32L4xx/Include -I../Drivers/CMSIS/Include -O0 -ffunction-sections -fdata-sections -Wall -fstack-usage -fcyclomatic-complexity -MMD -MP -MF"Drivers/STM32L4xx_HAL_Driver/Src/stm32l4xx_hal_rcc_ex.d" -MT"Drivers/STM32L4xx_HAL_Driver/Src/stm32l4xx_hal_rcc_ex.o" --specs=nano.specs -mfpu=fpv4-sp-d16 -mfloat-abi=hard -mthumb -o "Drivers/STM32L4xx_HAL_Driver/Src/stm32l4xx_hal_rcc_ex.o"
arm-none-eabi-gcc "../Drivers/STM32L4xx_HAL_Driver/Src/stm32l4xx_hal_tim.c" -mcpu=cortex-m4 -std=gnu11 -g3 -DDEBUG -DUSE_HAL_DRIVER -DSTM32L476xx -c -I../Core/Inc -I../Drivers/STM32L4xx_HAL_Driver/Inc -I../Drivers/STM32L4xx_HAL_Driver/Inc/Legacy -I../Drivers/CMSIS/Device/ST/STM32L4xx/Include -I../Drivers/CMSIS/Include -O0 -ffunction-sections -fdata-sections -Wall -fstack-usage -fcyclomatic-complexity -MMD -MP -MF"Drivers/STM32L4xx_HAL_Driver/Src/stm32l4xx_hal_tim.d" -MT"Drivers/STM32L4xx_HAL_Driver/Src/stm32l4xx_hal_tim.o" --specs=nano.specs -mfpu=fpv4-sp-d16 -mfloat-abi=hard -mthumb -o "Drivers/STM32L4xx_HAL_Driver/Src/stm32l4xx_hal_tim.o"
arm-none-eabi-gcc "../Drivers/STM32L4xx_HAL_Driver/Src/stm32l4xx_hal_tim_ex.c" -mcpu=cortex-m4 -std=gnu11 -g3 -DDEBUG -DUSE_HAL_DRIVER -DSTM32L476xx -c -I../Core/Inc -I../Drivers/STM32L4xx_HAL_Driver/Inc -I../Drivers/STM32L4xx_HAL_Driver/Inc/Legacy -I../Drivers/CMSIS/Device/ST/STM32L4xx/Include -I../Drivers/CMSIS/Include -O0 -ffunction-sections -fdata-sections -Wall -fstack-usage -fcyclomatic-complexity -MMD -MP -MF"Drivers/STM32L4xx_HAL_Driver/Src/stm32l4xx_hal_tim_ex.d" -MT"Drivers/STM32L4xx_HAL_Driver/Src/stm32l4xx_hal_tim_ex.o" --specs=nano.specs -mfpu=fpv4-sp-d16 -mfloat-abi=hard -mthumb -o "Drivers/STM32L4xx_HAL_Driver/Src/stm32l4xx_hal_tim_ex.o"
arm-none-eabi-gcc "../Drivers/STM32L4xx_HAL_Driver/Src/stm32l4xx_hal_uart.c" -mcpu=cortex-m4 -std=gnu11 -g3 -DDEBUG -DUSE_HAL_DRIVER -DSTM32L476xx -c -I../Core/Inc -I../Drivers/STM32L4xx_HAL_Driver/Inc -I../Drivers/STM32L4xx_HAL_Driver/Inc/Legacy -I../Drivers/CMSIS/Device/ST/STM32L4xx/Include -I../Drivers/CMSIS/Include -O0 -ffunction-sections -fdata-sections -Wall -fstack-usage -fcyclomatic-complexity -MMD -MP -MF"Drivers/STM32L4xx_HAL_Driver/Src/stm32l4xx_hal_uart.d" -MT"Drivers/STM32L4xx_HAL_Driver/Src/stm32l4xx_hal_uart.o" --specs=nano.specs -mfpu=fpv4-sp-d16 -mfloat-abi=hard -mthumb -o "Drivers/STM32L4xx_HAL_Driver/Src/stm32l4xx_hal_uart.o"
arm-none-eabi-gcc "../Drivers/STM32L4xx_HAL_Driver/Src/stm32l4xx_hal_uart_ex.c" -mcpu=cortex-m4 -std=gnu11 -g3 -DDEBUG -DUSE_HAL_DRIVER -DSTM32L476xx -c -I../Core/Inc -I../Drivers/STM32L4xx_HAL_Driver/Inc -I../Drivers/STM32L4xx_HAL_Driver/Inc/Legacy -I../Drivers/CMSIS/Device/ST/STM32L4xx/Include -I../Drivers/CMSIS/Include -O0 -ffunction-sections -fdata-sections -Wall -fstack-usage -fcyclomatic-complexity -MMD -MP -MF"Drivers/STM32L4xx_HAL_Driver/Src/stm32l4xx_hal_uart_ex.d" -MT"Drivers/STM32L4xx_HAL_Driver/Src/stm32l4xx_hal_uart_ex.o" --specs=nano.specs -mfpu=fpv4-sp-d16 -mfloat-abi=hard -mthumb -o "Drivers/STM32L4xx_HAL_Driver/Src/stm32l4xx_hal_uart_ex.o"
arm-none-eabi-gcc -mcpu=cortex-m4 -g3 -DDEBUG -c -x assembler-with-cpp -MMD -MP -MF"Core/Startup/startup_stm32l476rgtx.d" -MT"Core/Startup/startup_stm32l476rgtx.o" --specs=nano.specs -mfpu=fpv4-sp-d16 -mfloat-abi=hard -mthumb -o "Core/Startup/startup_stm32l476rgtx.o" "../Core/Startup/startup_stm32l476rgtx.s"
arm-none-eabi-gcc "../Core/Src/capteur.c" -mcpu=cortex-m4 -std=gnu11 -g3 -DDEBUG -DUSE_HAL_DRIVER -DSTM32L476xx -c -I../Core/Inc -I../Drivers/STM32L4xx_HAL_Driver/Inc -I../Drivers/STM32L4xx_HAL_Driver/Inc/Legacy -I../Drivers/CMSIS/Device/ST/STM32L4xx/Include -I../Drivers/CMSIS/Include -O0 -ffunction-sections -fdata-sections -Wall -fstack-usage -fcyclomatic-complexity -MMD -MP -MF"Core/Src/capteur.d" -MT"Core/Src/capteur.o" --specs=nano.specs -mfpu=fpv4-sp-d16 -mfloat-abi=hard -mthumb -o "Core/Src/capteur.o"
arm-none-eabi-gcc "../Core/Src/main.c" -mcpu=cortex-m4 -std=gnu11 -g3 -DDEBUG -DUSE_HAL_DRIVER -DSTM32L476xx -c -I../Core/Inc -I../Drivers/STM32L4xx_HAL_Driver/Inc -I../Drivers/STM32L4xx_HAL_Driver/Inc/Legacy -I../Drivers/CMSIS/Device/ST/STM32L4xx/Include -I../Drivers/CMSIS/Include -O0 -ffunction-sections -fdata-sections -Wall -fstack-usage -fcyclomatic-complexity -MMD -MP -MF"Core/Src/main.d" -MT"Core/Src/main.o" --specs=nano.specs -mfpu=fpv4-sp-d16 -mfloat-abi=hard -mthumb -o "Core/Src/main.o"
arm-none-eabi-gcc "../Core/Src/stm32l4xx_hal_msp.c" -mcpu=cortex-m4 -std=gnu11 -g3 -DDEBUG -DUSE_HAL_DRIVER -DSTM32L476xx -c -I../Core/Inc -I../Drivers/STM32L4xx_HAL_Driver/Inc -I../Drivers/STM32L4xx_HAL_Driver/Inc/Legacy -I../Drivers/CMSIS/Device/ST/STM32L4xx/Include -I../Drivers/CMSIS/Include -O0 -ffunction-sections -fdata-sections -Wall -fstack-usage -fcyclomatic-complexity -MMD -MP -MF"Core/Src/stm32l4xx_hal_msp.d" -MT"Core/Src/stm32l4xx_hal_msp.o" --specs=nano.specs -mfpu=fpv4-sp-d16 -mfloat-abi=hard -mthumb -o "Core/Src/stm32l4xx_hal_msp.o"
arm-none-eabi-gcc "../Core/Src/stm32l4xx_it.c" -mcpu=cortex-m4 -std=gnu11 -g3 -DDEBUG -DUSE_HAL_DRIVER -DSTM32L476xx -c -I../Core/Inc -I../Drivers/STM32L4xx_HAL_Driver/Inc -I../Drivers/STM32L4xx_HAL_Driver/Inc/Legacy -I../Drivers/CMSIS/Device/ST/STM32L4xx/Include -I../Drivers/CMSIS/Include -O0 -ffunction-sections -fdata-sections -Wall -fstack-usage -fcyclomatic-complexity -MMD -MP -MF"Core/Src/stm32l4xx_it.d" -MT"Core/Src/stm32l4xx_it.o" --specs=nano.specs -mfpu=fpv4-sp-d16 -mfloat-abi=hard -mthumb -o "Core/Src/stm32l4xx_it.o"
../Core/Src/main.c: In function 'main':
../Core/Src/main.c:84:3: error: expected '=', ',', ';', 'asm' or '__attribute__' before 'HAL_Init'
   84 |   HAL_Init();
      |   ^~~~~~~~
arm-none-eabi-gcc "../Core/Src/syscalls.c" -mcpu=cortex-m4 -std=gnu11 -g3 -DDEBUG -DUSE_HAL_DRIVER -DSTM32L476xx -c -I../Core/Inc -I../Drivers/STM32L4xx_HAL_Driver/Inc -I../Drivers/STM32L4xx_HAL_Driver/Inc/Legacy -I../Drivers/CMSIS/Device/ST/STM32L4xx/Include -I../Drivers/CMSIS/Include -O0 -ffunction-sections -fdata-sections -Wall -fstack-usage -fcyclomatic-complexity -MMD -MP -MF"Core/Src/syscalls.d" -MT"Core/Src/syscalls.o" --specs=nano.specs -mfpu=fpv4-sp-d16 -mfloat-abi=hard -mthumb -o "Core/Src/syscalls.o"
../Core/Src/main.c:102:3: error: 'textlength' undeclared (first use in this function)
  102 |   textlength = snprintf(UartTxBuffer,"Demo-board for \r\n");
      |   ^~~~~~~~~~
../Core/Src/main.c:102:3: note: each undeclared identifier is reported only once for each function it appears in
../Core/Src/main.c:102:16: warning: implicit declaration of function 'snprintf' [-Wimplicit-function-declaration]
  102 |   textlength = snprintf(UartTxBuffer,"Demo-board for \r\n");
      |                ^~~~~~~~
../Core/Src/main.c:21:1: note: include '<stdio.h>' or provide a declaration of 'snprintf'
   20 | #include "main.h"
  +++ |+#include <stdio.h>
   21 | 
../Core/Src/main.c:102:16: warning: incompatible implicit declaration of built-in function 'snprintf' [-Wbuiltin-declaration-mismatch]
  102 |   textlength = snprintf(UartTxBuffer,"Demo-board for \r\n");
      |                ^~~~~~~~
../Core/Src/main.c:102:16: note: include '<stdio.h>' or provide a declaration of 'snprintf'
../Core/Src/main.c:102:25: warning: passing argument 1 of 'snprintf' makes pointer from integer without a cast [-Wint-conversion]
  102 |   textlength = snprintf(UartTxBuffer,"Demo-board for \r\n");
      |                         ^~~~~~~~~~~~
      |                         |
      |                         uint8_t {aka unsigned char}
../Core/Src/main.c:102:25: note: expected 'char *' but argument is of type 'uint8_t' {aka 'unsigned char'}
../Core/Src/main.c:102:38: warning: passing argument 2 of 'snprintf' makes integer from pointer without a cast [-Wint-conversion]
  102 |   textlength = snprintf(UartTxBuffer,"Demo-board for \r\n");
      |                                      ^~~~~~~~~~~~~~~~~~~~~
      |                                      |
      |                                      char *
../Core/Src/main.c:102:38: note: expected 'unsigned int' but argument is of type 'char *'
../Core/Src/main.c:102:16: error: too few arguments to function 'snprintf'
  102 |   textlength = snprintf(UartTxBuffer,"Demo-board for \r\n");
      |                ^~~~~~~~
../Core/Src/main.c:103:30: warning: passing argument 2 of 'HAL_UART_Transmit' makes pointer from integer without a cast [-Wint-conversion]
  103 |   HAL_UART_Transmit(&huart2, UartTxBuffer, UARTTxBuffer_SIZE, 100);
      |                              ^~~~~~~~~~~~
      |                              |
      |                              uint8_t {aka unsigned char}
In file included from ../Core/Inc/stm32l4xx_hal_conf.h:450,
                 from ../Drivers/STM32L4xx_HAL_Driver/Inc/stm32l4xx_hal.h:29,
                 from ../Core/Inc/main.h:30,
                 from ../Core/Src/main.c:20:
../Drivers/STM32L4xx_HAL_Driver/Inc/stm32l4xx_hal_uart.h:1697:79: note: expected 'const uint8_t *' {aka 'const unsigned char *'} but argument is of type 'uint8_t' {aka 'unsigned char'}
 1697 | HAL_StatusTypeDef HAL_UART_Transmit(UART_HandleTypeDef *huart, const uint8_t *pData, uint16_t Size, uint32_t Timeout);
      |                                                                ~~~~~~~~~~~~~~~^~~~~
../Core/Src/main.c:105:14: warning: implicit declaration of function 'HAL_I2C_DeviceIsReady'; did you mean 'HAL_I2C_IsDeviceReady'? [-Wimplicit-function-declaration]
  105 |   if(HAL_OK==HAL_I2C_DeviceIsReady(&h12c1,I2C_Address,1,100))
      |              ^~~~~~~~~~~~~~~~~~~~~
      |              HAL_I2C_IsDeviceReady
../Core/Src/main.c:105:37: error: 'h12c1' undeclared (first use in this function); did you mean 'hi2c1'?
  105 |   if(HAL_OK==HAL_I2C_DeviceIsReady(&h12c1,I2C_Address,1,100))
      |                                     ^~~~~
      |                                     hi2c1
../Core/Src/main.c:107:31: warning: passing argument 1 of 'snprintf' makes pointer from integer without a cast [-Wint-conversion]
  107 |           textlength=snprintf(UartTxBuffer,"Device is Ready \r\n");
      |                               ^~~~~~~~~~~~
      |                               |
      |                               uint8_t {aka unsigned char}
../Core/Src/main.c:107:31: note: expected 'char *' but argument is of type 'uint8_t' {aka 'unsigned char'}
../Core/Src/main.c:107:44: warning: passing argument 2 of 'snprintf' makes integer from pointer without a cast [-Wint-conversion]
  107 |           textlength=snprintf(UartTxBuffer,"Device is Ready \r\n");
      |                                            ^~~~~~~~~~~~~~~~~~~~~~
      |                                            |
      |                                            char *
../Core/Src/main.c:107:44: note: expected 'unsigned int' but argument is of type 'char *'
../Core/Src/main.c:107:22: error: too few arguments to function 'snprintf'
  107 |           textlength=snprintf(UartTxBuffer,"Device is Ready \r\n");
      |                      ^~~~~~~~
../Core/Src/main.c:108:38: warning: passing argument 2 of 'HAL_UART_Transmit' makes pointer from integer without a cast [-Wint-conversion]
  108 |           HAL_UART_Transmit(&huart2, UartTxBuffer, UARTTxBuffer_SIZE, 100);
      |                                      ^~~~~~~~~~~~
      |                                      |
      |                                      uint8_t {aka unsigned char}
In file included from ../Core/Inc/stm32l4xx_hal_conf.h:450,
                 from ../Drivers/STM32L4xx_HAL_Driver/Inc/stm32l4xx_hal.h:29,
                 from ../Core/Inc/main.h:30,
                 from ../Core/Src/main.c:20:
../Drivers/STM32L4xx_HAL_Driver/Inc/stm32l4xx_hal_uart.h:1697:79: note: expected 'const uint8_t *' {aka 'const unsigned char *'} but argument is of type 'uint8_t' {aka 'unsigned char'}
 1697 | HAL_StatusTypeDef HAL_UART_Transmit(UART_HandleTypeDef *huart, const uint8_t *pData, uint16_t Size, uint32_t Timeout);
      |                                                                ~~~~~~~~~~~~~~~^~~~~
../Core/Src/main.c:112:31: warning: passing argument 1 of 'snprintf' makes pointer from integer without a cast [-Wint-conversion]
  112 |           textlength=snprintf(UartTxBuffer,"Device is not Ready \r\n");
      |                               ^~~~~~~~~~~~
      |                               |
      |                               uint8_t {aka unsigned char}
../Core/Src/main.c:112:31: note: expected 'char *' but argument is of type 'uint8_t' {aka 'unsigned char'}
../Core/Src/main.c:112:44: warning: passing argument 2 of 'snprintf' makes integer from pointer without a cast [-Wint-conversion]
  112 |           textlength=snprintf(UartTxBuffer,"Device is not Ready \r\n");
      |                                            ^~~~~~~~~~~~~~~~~~~~~~~~~~
      |                                            |
      |                                            char *
../Core/Src/main.c:112:44: note: expected 'unsigned int' but argument is of type 'char *'
../Core/Src/main.c:112:22: error: too few arguments to function 'snprintf'
  112 |           textlength=snprintf(UartTxBuffer,"Device is not Ready \r\n");
      |                      ^~~~~~~~
../Core/Src/main.c:113:38: warning: passing argument 2 of 'HAL_UART_Transmit' makes pointer from integer without a cast [-Wint-conversion]
  113 |           HAL_UART_Transmit(&huart2, UartTxBuffer, UARTTxBuffer_SIZE, 100);
      |                                      ^~~~~~~~~~~~
      |                                      |
      |                                      uint8_t {aka unsigned char}
In file included from ../Core/Inc/stm32l4xx_hal_conf.h:450,
                 from ../Drivers/STM32L4xx_HAL_Driver/Inc/stm32l4xx_hal.h:29,
                 from ../Core/Inc/main.h:30,
                 from ../Core/Src/main.c:20:
../Drivers/STM32L4xx_HAL_Driver/Inc/stm32l4xx_hal_uart.h:1697:79: note: expected 'const uint8_t *' {aka 'const unsigned char *'} but argument is of type 'uint8_t' {aka 'unsigned char'}
 1697 | HAL_StatusTypeDef HAL_UART_Transmit(UART_HandleTypeDef *huart, const uint8_t *pData, uint16_t Size, uint32_t Timeout);
      |                                                                ~~~~~~~~~~~~~~~^~~~~
make: *** [Core/Src/subdir.mk:37: Core/Src/main.o] Error 1
make: *** Waiting for unfinished jobs....
"make -j8 all" terminated with exit code 2. Build might be incomplete.
10:38:02 **** Incremental Build of configuration Debug for project ExamSysNum ****
make -j8 all 
arm-none-eabi-gcc "../Core/Src/main.c" -mcpu=cortex-m4 -std=gnu11 -g3 -DDEBUG -DUSE_HAL_DRIVER -DSTM32L476xx -c -I../Core/Inc -I../Drivers/STM32L4xx_HAL_Driver/Inc -I../Drivers/STM32L4xx_HAL_Driver/Inc/Legacy -I../Drivers/CMSIS/Device/ST/STM32L4xx/Include -I../Drivers/CMSIS/Include -O0 -ffunction-sections -fdata-sections -Wall -fstack-usage -fcyclomatic-complexity -MMD -MP -MF"Core/Src/main.d" -MT"Core/Src/main.o" --specs=nano.specs -mfpu=fpv4-sp-d16 -mfloat-abi=hard -mthumb -o "Core/Src/main.o"
arm-none-eabi-gcc "../Core/Src/sysmem.c" -mcpu=cortex-m4 -std=gnu11 -g3 -DDEBUG -DUSE_HAL_DRIVER -DSTM32L476xx -c -I../Core/Inc -I../Drivers/STM32L4xx_HAL_Driver/Inc -I../Drivers/STM32L4xx_HAL_Driver/Inc/Legacy -I../Drivers/CMSIS/Device/ST/STM32L4xx/Include -I../Drivers/CMSIS/Include -O0 -ffunction-sections -fdata-sections -Wall -fstack-usage -fcyclomatic-complexity -MMD -MP -MF"Core/Src/sysmem.d" -MT"Core/Src/sysmem.o" --specs=nano.specs -mfpu=fpv4-sp-d16 -mfloat-abi=hard -mthumb -o "Core/Src/sysmem.o"
arm-none-eabi-gcc "../Core/Src/system_stm32l4xx.c" -mcpu=cortex-m4 -std=gnu11 -g3 -DDEBUG -DUSE_HAL_DRIVER -DSTM32L476xx -c -I../Core/Inc -I../Drivers/STM32L4xx_HAL_Driver/Inc -I../Drivers/STM32L4xx_HAL_Driver/Inc/Legacy -I../Drivers/CMSIS/Device/ST/STM32L4xx/Include -I../Drivers/CMSIS/Include -O0 -ffunction-sections -fdata-sections -Wall -fstack-usage -fcyclomatic-complexity -MMD -MP -MF"Core/Src/system_stm32l4xx.d" -MT"Core/Src/system_stm32l4xx.o" --specs=nano.specs -mfpu=fpv4-sp-d16 -mfloat-abi=hard -mthumb -o "Core/Src/system_stm32l4xx.o"
../Core/Src/main.c: In function 'main':
../Core/Src/main.c:102:16: warning: implicit declaration of function 'snprintf' [-Wimplicit-function-declaration]
  102 |   textlength = snprintf(UartTxBuffer,"Demo-board for \r\n");
      |                ^~~~~~~~
../Core/Src/main.c:21:1: note: include '<stdio.h>' or provide a declaration of 'snprintf'
   20 | #include "main.h"
  +++ |+#include <stdio.h>
   21 | 
../Core/Src/main.c:102:16: warning: incompatible implicit declaration of built-in function 'snprintf' [-Wbuiltin-declaration-mismatch]
  102 |   textlength = snprintf(UartTxBuffer,"Demo-board for \r\n");
      |                ^~~~~~~~
../Core/Src/main.c:102:16: note: include '<stdio.h>' or provide a declaration of 'snprintf'
../Core/Src/main.c:102:25: warning: passing argument 1 of 'snprintf' makes pointer from integer without a cast [-Wint-conversion]
  102 |   textlength = snprintf(UartTxBuffer,"Demo-board for \r\n");
      |                         ^~~~~~~~~~~~
      |                         |
      |                         uint8_t {aka unsigned char}
../Core/Src/main.c:102:25: note: expected 'char *' but argument is of type 'uint8_t' {aka 'unsigned char'}
../Core/Src/main.c:102:38: warning: passing argument 2 of 'snprintf' makes integer from pointer without a cast [-Wint-conversion]
  102 |   textlength = snprintf(UartTxBuffer,"Demo-board for \r\n");
      |                                      ^~~~~~~~~~~~~~~~~~~~~
      |                                      |
      |                                      char *
../Core/Src/main.c:102:38: note: expected 'unsigned int' but argument is of type 'char *'
../Core/Src/main.c:102:16: error: too few arguments to function 'snprintf'
  102 |   textlength = snprintf(UartTxBuffer,"Demo-board for \r\n");
      |                ^~~~~~~~
../Core/Src/main.c:103:30: warning: passing argument 2 of 'HAL_UART_Transmit' makes pointer from integer without a cast [-Wint-conversion]
  103 |   HAL_UART_Transmit(&huart2, textlength, UARTTxBuffer_SIZE, 100);
      |                              ^~~~~~~~~~
      |                              |
      |                              uint8_t {aka unsigned char}
In file included from ../Core/Inc/stm32l4xx_hal_conf.h:450,
                 from ../Drivers/STM32L4xx_HAL_Driver/Inc/stm32l4xx_hal.h:29,
                 from ../Core/Inc/main.h:30,
                 from ../Core/Src/main.c:20:
../Drivers/STM32L4xx_HAL_Driver/Inc/stm32l4xx_hal_uart.h:1697:79: note: expected 'const uint8_t *' {aka 'const unsigned char *'} but argument is of type 'uint8_t' {aka 'unsigned char'}
 1697 | HAL_StatusTypeDef HAL_UART_Transmit(UART_HandleTypeDef *huart, const uint8_t *pData, uint16_t Size, uint32_t Timeout);
      |                                                                ~~~~~~~~~~~~~~~^~~~~
../Core/Src/main.c:105:14: warning: implicit declaration of function 'HAL_I2C_DeviceIsReady'; did you mean 'HAL_I2C_IsDeviceReady'? [-Wimplicit-function-declaration]
  105 |   if(HAL_OK==HAL_I2C_DeviceIsReady(&hi2c1,I2C_Address,1,100))
      |              ^~~~~~~~~~~~~~~~~~~~~
      |              HAL_I2C_IsDeviceReady
../Core/Src/main.c:107:31: warning: passing argument 1 of 'snprintf' makes pointer from integer without a cast [-Wint-conversion]
  107 |           textlength=snprintf(UartTxBuffer,"Device is Ready \r\n");
      |                               ^~~~~~~~~~~~
      |                               |
      |                               uint8_t {aka unsigned char}
../Core/Src/main.c:107:31: note: expected 'char *' but argument is of type 'uint8_t' {aka 'unsigned char'}
../Core/Src/main.c:107:44: warning: passing argument 2 of 'snprintf' makes integer from pointer without a cast [-Wint-conversion]
  107 |           textlength=snprintf(UartTxBuffer,"Device is Ready \r\n");
      |                                            ^~~~~~~~~~~~~~~~~~~~~~
      |                                            |
      |                                            char *
../Core/Src/main.c:107:44: note: expected 'unsigned int' but argument is of type 'char *'
../Core/Src/main.c:107:22: error: too few arguments to function 'snprintf'
  107 |           textlength=snprintf(UartTxBuffer,"Device is Ready \r\n");
      |                      ^~~~~~~~
../Core/Src/main.c:108:38: warning: passing argument 2 of 'HAL_UART_Transmit' makes pointer from integer without a cast [-Wint-conversion]
  108 |           HAL_UART_Transmit(&huart2, textlength, UARTTxBuffer_SIZE, 100);
      |                                      ^~~~~~~~~~
      |                                      |
      |                                      uint8_t {aka unsigned char}
In file included from ../Core/Inc/stm32l4xx_hal_conf.h:450,
                 from ../Drivers/STM32L4xx_HAL_Driver/Inc/stm32l4xx_hal.h:29,
                 from ../Core/Inc/main.h:30,
                 from ../Core/Src/main.c:20:
../Drivers/STM32L4xx_HAL_Driver/Inc/stm32l4xx_hal_uart.h:1697:79: note: expected 'const uint8_t *' {aka 'const unsigned char *'} but argument is of type 'uint8_t' {aka 'unsigned char'}
 1697 | HAL_StatusTypeDef HAL_UART_Transmit(UART_HandleTypeDef *huart, const uint8_t *pData, uint16_t Size, uint32_t Timeout);
      |                                                                ~~~~~~~~~~~~~~~^~~~~
../Core/Src/main.c:112:31: warning: passing argument 1 of 'snprintf' makes pointer from integer without a cast [-Wint-conversion]
  112 |           textlength=snprintf(UartTxBuffer,"Device is not Ready \r\n");
      |                               ^~~~~~~~~~~~
      |                               |
      |                               uint8_t {aka unsigned char}
../Core/Src/main.c:112:31: note: expected 'char *' but argument is of type 'uint8_t' {aka 'unsigned char'}
../Core/Src/main.c:112:44: warning: passing argument 2 of 'snprintf' makes integer from pointer without a cast [-Wint-conversion]
  112 |           textlength=snprintf(UartTxBuffer,"Device is not Ready \r\n");
      |                                            ^~~~~~~~~~~~~~~~~~~~~~~~~~
      |                                            |
      |                                            char *
../Core/Src/main.c:112:44: note: expected 'unsigned int' but argument is of type 'char *'
../Core/Src/main.c:112:22: error: too few arguments to function 'snprintf'
  112 |           textlength=snprintf(UartTxBuffer,"Device is not Ready \r\n");
      |                      ^~~~~~~~
../Core/Src/main.c:113:38: warning: passing argument 2 of 'HAL_UART_Transmit' makes pointer from integer without a cast [-Wint-conversion]
  113 |           HAL_UART_Transmit(&huart2, textlength, UARTTxBuffer_SIZE, 100);
      |                                      ^~~~~~~~~~
      |                                      |
      |                                      uint8_t {aka unsigned char}
In file included from ../Core/Inc/stm32l4xx_hal_conf.h:450,
                 from ../Drivers/STM32L4xx_HAL_Driver/Inc/stm32l4xx_hal.h:29,
                 from ../Core/Inc/main.h:30,
                 from ../Core/Src/main.c:20:
../Drivers/STM32L4xx_HAL_Driver/Inc/stm32l4xx_hal_uart.h:1697:79: note: expected 'const uint8_t *' {aka 'const unsigned char *'} but argument is of type 'uint8_t' {aka 'unsigned char'}
 1697 | HAL_StatusTypeDef HAL_UART_Transmit(UART_HandleTypeDef *huart, const uint8_t *pData, uint16_t Size, uint32_t Timeout);
      |                                                                ~~~~~~~~~~~~~~~^~~~~
make: *** [Core/Src/subdir.mk:37: Core/Src/main.o] Error 1
make: *** Waiting for unfinished jobs....
"make -j8 all" terminated with exit code 2. Build might be incomplete.
10:39:33 **** Incremental Build of configuration Debug for project ExamSysNum ****
make -j8 all 
arm-none-eabi-gcc "../Core/Src/main.c" -mcpu=cortex-m4 -std=gnu11 -g3 -DDEBUG -DUSE_HAL_DRIVER -DSTM32L476xx -c -I../Core/Inc -I../Drivers/STM32L4xx_HAL_Driver/Inc -I../Drivers/STM32L4xx_HAL_Driver/Inc/Legacy -I../Drivers/CMSIS/Device/ST/STM32L4xx/Include -I../Drivers/CMSIS/Include -O0 -ffunction-sections -fdata-sections -Wall -fstack-usage -fcyclomatic-complexity -MMD -MP -MF"Core/Src/main.d" -MT"Core/Src/main.o" --specs=nano.specs -mfpu=fpv4-sp-d16 -mfloat-abi=hard -mthumb -o "Core/Src/main.o"
../Core/Src/main.c: In function 'main':
../Core/Src/main.c:102:16: warning: implicit declaration of function 'snprintf' [-Wimplicit-function-declaration]
  102 |   textlength = snprintf(UartTxBuffer,UARTTxBuffer_SIZE,"Demo-board for \r\n");
      |                ^~~~~~~~
../Core/Src/main.c:21:1: note: include '<stdio.h>' or provide a declaration of 'snprintf'
   20 | #include "main.h"
  +++ |+#include <stdio.h>
   21 | 
../Core/Src/main.c:102:16: warning: incompatible implicit declaration of built-in function 'snprintf' [-Wbuiltin-declaration-mismatch]
  102 |   textlength = snprintf(UartTxBuffer,UARTTxBuffer_SIZE,"Demo-board for \r\n");
      |                ^~~~~~~~
../Core/Src/main.c:102:16: note: include '<stdio.h>' or provide a declaration of 'snprintf'
../Core/Src/main.c:102:25: warning: passing argument 1 of 'snprintf' makes pointer from integer without a cast [-Wint-conversion]
  102 |   textlength = snprintf(UartTxBuffer,UARTTxBuffer_SIZE,"Demo-board for \r\n");
      |                         ^~~~~~~~~~~~
      |                         |
      |                         uint8_t {aka unsigned char}
../Core/Src/main.c:102:25: note: expected 'char *' but argument is of type 'uint8_t' {aka 'unsigned char'}
../Core/Src/main.c:103:30: warning: passing argument 2 of 'HAL_UART_Transmit' makes pointer from integer without a cast [-Wint-conversion]
  103 |   HAL_UART_Transmit(&huart2, textlength, UARTTxBuffer_SIZE, 100);
      |                              ^~~~~~~~~~
      |                              |
      |                              uint8_t {aka unsigned char}
In file included from ../Core/Inc/stm32l4xx_hal_conf.h:450,
                 from ../Drivers/STM32L4xx_HAL_Driver/Inc/stm32l4xx_hal.h:29,
                 from ../Core/Inc/main.h:30,
                 from ../Core/Src/main.c:20:
../Drivers/STM32L4xx_HAL_Driver/Inc/stm32l4xx_hal_uart.h:1697:79: note: expected 'const uint8_t *' {aka 'const unsigned char *'} but argument is of type 'uint8_t' {aka 'unsigned char'}
 1697 | HAL_StatusTypeDef HAL_UART_Transmit(UART_HandleTypeDef *huart, const uint8_t *pData, uint16_t Size, uint32_t Timeout);
      |                                                                ~~~~~~~~~~~~~~~^~~~~
../Core/Src/main.c:105:14: warning: implicit declaration of function 'HAL_I2C_DeviceIsReady'; did you mean 'HAL_I2C_IsDeviceReady'? [-Wimplicit-function-declaration]
  105 |   if(HAL_OK==HAL_I2C_DeviceIsReady(&hi2c1,I2C_Address,1,100))
      |              ^~~~~~~~~~~~~~~~~~~~~
      |              HAL_I2C_IsDeviceReady
../Core/Src/main.c:107:31: warning: passing argument 1 of 'snprintf' makes pointer from integer without a cast [-Wint-conversion]
  107 |           textlength=snprintf(UartTxBuffer,"Device is Ready \r\n");
      |                               ^~~~~~~~~~~~
      |                               |
      |                               uint8_t {aka unsigned char}
../Core/Src/main.c:107:31: note: expected 'char *' but argument is of type 'uint8_t' {aka 'unsigned char'}
../Core/Src/main.c:107:44: warning: passing argument 2 of 'snprintf' makes integer from pointer without a cast [-Wint-conversion]
  107 |           textlength=snprintf(UartTxBuffer,"Device is Ready \r\n");
      |                                            ^~~~~~~~~~~~~~~~~~~~~~
      |                                            |
      |                                            char *
../Core/Src/main.c:107:44: note: expected 'unsigned int' but argument is of type 'char *'
../Core/Src/main.c:107:22: error: too few arguments to function 'snprintf'
  107 |           textlength=snprintf(UartTxBuffer,"Device is Ready \r\n");
      |                      ^~~~~~~~
../Core/Src/main.c:108:38: warning: passing argument 2 of 'HAL_UART_Transmit' makes pointer from integer without a cast [-Wint-conversion]
  108 |           HAL_UART_Transmit(&huart2, textlength, UARTTxBuffer_SIZE, 100);
      |                                      ^~~~~~~~~~
      |                                      |
      |                                      uint8_t {aka unsigned char}
In file included from ../Core/Inc/stm32l4xx_hal_conf.h:450,
                 from ../Drivers/STM32L4xx_HAL_Driver/Inc/stm32l4xx_hal.h:29,
                 from ../Core/Inc/main.h:30,
                 from ../Core/Src/main.c:20:
../Drivers/STM32L4xx_HAL_Driver/Inc/stm32l4xx_hal_uart.h:1697:79: note: expected 'const uint8_t *' {aka 'const unsigned char *'} but argument is of type 'uint8_t' {aka 'unsigned char'}
 1697 | HAL_StatusTypeDef HAL_UART_Transmit(UART_HandleTypeDef *huart, const uint8_t *pData, uint16_t Size, uint32_t Timeout);
      |                                                                ~~~~~~~~~~~~~~~^~~~~
../Core/Src/main.c:112:31: warning: passing argument 1 of 'snprintf' makes pointer from integer without a cast [-Wint-conversion]
  112 |           textlength=snprintf(UartTxBuffer,"Device is not Ready \r\n");
      |                               ^~~~~~~~~~~~
      |                               |
      |                               uint8_t {aka unsigned char}
../Core/Src/main.c:112:31: note: expected 'char *' but argument is of type 'uint8_t' {aka 'unsigned char'}
../Core/Src/main.c:112:44: warning: passing argument 2 of 'snprintf' makes integer from pointer without a cast [-Wint-conversion]
  112 |           textlength=snprintf(UartTxBuffer,"Device is not Ready \r\n");
      |                                            ^~~~~~~~~~~~~~~~~~~~~~~~~~
      |                                            |
      |                                            char *
../Core/Src/main.c:112:44: note: expected 'unsigned int' but argument is of type 'char *'
../Core/Src/main.c:112:22: error: too few arguments to function 'snprintf'
  112 |           textlength=snprintf(UartTxBuffer,"Device is not Ready \r\n");
      |                      ^~~~~~~~
../Core/Src/main.c:113:38: warning: passing argument 2 of 'HAL_UART_Transmit' makes pointer from integer without a cast [-Wint-conversion]
  113 |           HAL_UART_Transmit(&huart2, textlength, UARTTxBuffer_SIZE, 100);
      |                                      ^~~~~~~~~~
      |                                      |
      |                                      uint8_t {aka unsigned char}
In file included from ../Core/Inc/stm32l4xx_hal_conf.h:450,
                 from ../Drivers/STM32L4xx_HAL_Driver/Inc/stm32l4xx_hal.h:29,
                 from ../Core/Inc/main.h:30,
                 from ../Core/Src/main.c:20:
../Drivers/STM32L4xx_HAL_Driver/Inc/stm32l4xx_hal_uart.h:1697:79: note: expected 'const uint8_t *' {aka 'const unsigned char *'} but argument is of type 'uint8_t' {aka 'unsigned char'}
 1697 | HAL_StatusTypeDef HAL_UART_Transmit(UART_HandleTypeDef *huart, const uint8_t *pData, uint16_t Size, uint32_t Timeout);
      |                                                                ~~~~~~~~~~~~~~~^~~~~
make: *** [Core/Src/subdir.mk:37: Core/Src/main.o] Error 1
"make -j8 all" terminated with exit code 2. Build might be incomplete.
10:39:58 **** Incremental Build of configuration Debug for project ExamSysNum ****
make -j8 all 
arm-none-eabi-gcc "../Core/Src/main.c" -mcpu=cortex-m4 -std=gnu11 -g3 -DDEBUG -DUSE_HAL_DRIVER -DSTM32L476xx -c -I../Core/Inc -I../Drivers/STM32L4xx_HAL_Driver/Inc -I../Drivers/STM32L4xx_HAL_Driver/Inc/Legacy -I../Drivers/CMSIS/Device/ST/STM32L4xx/Include -I../Drivers/CMSIS/Include -O0 -ffunction-sections -fdata-sections -Wall -fstack-usage -fcyclomatic-complexity -MMD -MP -MF"Core/Src/main.d" -MT"Core/Src/main.o" --specs=nano.specs -mfpu=fpv4-sp-d16 -mfloat-abi=hard -mthumb -o "Core/Src/main.o"
../Core/Src/main.c: In function 'main':
../Core/Src/main.c:102:16: warning: implicit declaration of function 'snprintf' [-Wimplicit-function-declaration]
  102 |   textlength = snprintf(UartTxBuffer,UARTTxBuffer_SIZE,"Demo-board for \r\n");
      |                ^~~~~~~~
../Core/Src/main.c:21:1: note: include '<stdio.h>' or provide a declaration of 'snprintf'
   20 | #include "main.h"
  +++ |+#include <stdio.h>
   21 | 
../Core/Src/main.c:102:16: warning: incompatible implicit declaration of built-in function 'snprintf' [-Wbuiltin-declaration-mismatch]
  102 |   textlength = snprintf(UartTxBuffer,UARTTxBuffer_SIZE,"Demo-board for \r\n");
      |                ^~~~~~~~
../Core/Src/main.c:102:16: note: include '<stdio.h>' or provide a declaration of 'snprintf'
../Core/Src/main.c:102:25: warning: passing argument 1 of 'snprintf' makes pointer from integer without a cast [-Wint-conversion]
  102 |   textlength = snprintf(UartTxBuffer,UARTTxBuffer_SIZE,"Demo-board for \r\n");
      |                         ^~~~~~~~~~~~
      |                         |
      |                         uint8_t {aka unsigned char}
../Core/Src/main.c:102:25: note: expected 'char *' but argument is of type 'uint8_t' {aka 'unsigned char'}
../Core/Src/main.c:103:30: warning: passing argument 2 of 'HAL_UART_Transmit' makes pointer from integer without a cast [-Wint-conversion]
  103 |   HAL_UART_Transmit(&huart2, textlength, UARTTxBuffer_SIZE, 100);
      |                              ^~~~~~~~~~
      |                              |
      |                              uint8_t {aka unsigned char}
In file included from ../Core/Inc/stm32l4xx_hal_conf.h:450,
                 from ../Drivers/STM32L4xx_HAL_Driver/Inc/stm32l4xx_hal.h:29,
                 from ../Core/Inc/main.h:30,
                 from ../Core/Src/main.c:20:
../Drivers/STM32L4xx_HAL_Driver/Inc/stm32l4xx_hal_uart.h:1697:79: note: expected 'const uint8_t *' {aka 'const unsigned char *'} but argument is of type 'uint8_t' {aka 'unsigned char'}
 1697 | HAL_StatusTypeDef HAL_UART_Transmit(UART_HandleTypeDef *huart, const uint8_t *pData, uint16_t Size, uint32_t Timeout);
      |                                                                ~~~~~~~~~~~~~~~^~~~~
../Core/Src/main.c:105:14: warning: implicit declaration of function 'HAL_I2C_DeviceIsReady'; did you mean 'HAL_I2C_IsDeviceReady'? [-Wimplicit-function-declaration]
  105 |   if(HAL_OK==HAL_I2C_DeviceIsReady(&hi2c1,I2C_Address,1,100))
      |              ^~~~~~~~~~~~~~~~~~~~~
      |              HAL_I2C_IsDeviceReady
../Core/Src/main.c:107:31: warning: passing argument 1 of 'snprintf' makes pointer from integer without a cast [-Wint-conversion]
  107 |           textlength=snprintf(UartTxBuffer,UARTTxBuffer_SIZE,"Device is Ready \r\n");
      |                               ^~~~~~~~~~~~
      |                               |
      |                               uint8_t {aka unsigned char}
../Core/Src/main.c:107:31: note: expected 'char *' but argument is of type 'uint8_t' {aka 'unsigned char'}
../Core/Src/main.c:108:38: warning: passing argument 2 of 'HAL_UART_Transmit' makes pointer from integer without a cast [-Wint-conversion]
  108 |           HAL_UART_Transmit(&huart2, textlength, UARTTxBuffer_SIZE, 100);
      |                                      ^~~~~~~~~~
      |                                      |
      |                                      uint8_t {aka unsigned char}
In file included from ../Core/Inc/stm32l4xx_hal_conf.h:450,
                 from ../Drivers/STM32L4xx_HAL_Driver/Inc/stm32l4xx_hal.h:29,
                 from ../Core/Inc/main.h:30,
                 from ../Core/Src/main.c:20:
../Drivers/STM32L4xx_HAL_Driver/Inc/stm32l4xx_hal_uart.h:1697:79: note: expected 'const uint8_t *' {aka 'const unsigned char *'} but argument is of type 'uint8_t' {aka 'unsigned char'}
 1697 | HAL_StatusTypeDef HAL_UART_Transmit(UART_HandleTypeDef *huart, const uint8_t *pData, uint16_t Size, uint32_t Timeout);
      |                                                                ~~~~~~~~~~~~~~~^~~~~
../Core/Src/main.c:112:31: warning: passing argument 1 of 'snprintf' makes pointer from integer without a cast [-Wint-conversion]
  112 |           textlength=snprintf(UartTxBuffer,UARTTxBuffer_SIZE,"Device is not Ready \r\n");
      |                               ^~~~~~~~~~~~
      |                               |
      |                               uint8_t {aka unsigned char}
../Core/Src/main.c:112:31: note: expected 'char *' but argument is of type 'uint8_t' {aka 'unsigned char'}
../Core/Src/main.c:113:38: warning: passing argument 2 of 'HAL_UART_Transmit' makes pointer from integer without a cast [-Wint-conversion]
  113 |           HAL_UART_Transmit(&huart2, textlength, UARTTxBuffer_SIZE, 100);
      |                                      ^~~~~~~~~~
      |                                      |
      |                                      uint8_t {aka unsigned char}
In file included from ../Core/Inc/stm32l4xx_hal_conf.h:450,
                 from ../Drivers/STM32L4xx_HAL_Driver/Inc/stm32l4xx_hal.h:29,
                 from ../Core/Inc/main.h:30,
                 from ../Core/Src/main.c:20:
../Drivers/STM32L4xx_HAL_Driver/Inc/stm32l4xx_hal_uart.h:1697:79: note: expected 'const uint8_t *' {aka 'const unsigned char *'} but argument is of type 'uint8_t' {aka 'unsigned char'}
 1697 | HAL_StatusTypeDef HAL_UART_Transmit(UART_HandleTypeDef *huart, const uint8_t *pData, uint16_t Size, uint32_t Timeout);
      |                                                                ~~~~~~~~~~~~~~~^~~~~
arm-none-eabi-gcc -o "ExamSysNum.elf" @"objects.list"   -mcpu=cortex-m4 -T"C:\Users\saiko no oniisan\STM32CubeIDE\workspace_1.13.2\2024-ExamSysNumBouticheAbdelrahmen\ExamSysNum\STM32L476RGTX_FLASH.ld" --specs=nosys.specs -Wl,-Map="ExamSysNum.map" -Wl,--gc-sections -static --specs=nano.specs -mfpu=fpv4-sp-d16 -mfloat-abi=hard -mthumb -Wl,--start-group -lc -lm -Wl,--end-group
C:/ST/STM32CubeIDE_1.13.2/STM32CubeIDE/plugins/com.st.stm32cube.ide.mcu.externaltools.gnu-tools-for-stm32.11.3.rel1.win32_1.1.1.202309131626/tools/bin/../lib/gcc/arm-none-eabi/11.3.1/../../../../arm-none-eabi/bin/ld.exe: ./Core/Src/main.o: in function `main':
C:/Users/saiko no oniisan/STM32CubeIDE/workspace_1.13.2/2024-ExamSysNumBouticheAbdelrahmen/ExamSysNum/Debug/../Core/Src/main.c:105: undefined reference to `HAL_I2C_DeviceIsReady'
collect2.exe: error: ld returned 1 exit status
make: *** [makefile:64: ExamSysNum.elf] Error 1
"make -j8 all" terminated with exit code 2. Build might be incomplete.
10:42:11 **** Incremental Build of configuration Debug for project ExamSysNum ****
make -j8 all 
arm-none-eabi-gcc "../Core/Src/main.c" -mcpu=cortex-m4 -std=gnu11 -g3 -DDEBUG -DUSE_HAL_DRIVER -DSTM32L476xx -c -I../Core/Inc -I../Drivers/STM32L4xx_HAL_Driver/Inc -I../Drivers/STM32L4xx_HAL_Driver/Inc/Legacy -I../Drivers/CMSIS/Device/ST/STM32L4xx/Include -I../Drivers/CMSIS/Include -O0 -ffunction-sections -fdata-sections -Wall -fstack-usage -fcyclomatic-complexity -MMD -MP -MF"Core/Src/main.d" -MT"Core/Src/main.o" --specs=nano.specs -mfpu=fpv4-sp-d16 -mfloat-abi=hard -mthumb -o "Core/Src/main.o"
arm-none-eabi-gcc "../Core/Src/stm32l4xx_hal_msp.c" -mcpu=cortex-m4 -std=gnu11 -g3 -DDEBUG -DUSE_HAL_DRIVER -DSTM32L476xx -c -I../Core/Inc -I../Drivers/STM32L4xx_HAL_Driver/Inc -I../Drivers/STM32L4xx_HAL_Driver/Inc/Legacy -I../Drivers/CMSIS/Device/ST/STM32L4xx/Include -I../Drivers/CMSIS/Include -O0 -ffunction-sections -fdata-sections -Wall -fstack-usage -fcyclomatic-complexity -MMD -MP -MF"Core/Src/stm32l4xx_hal_msp.d" -MT"Core/Src/stm32l4xx_hal_msp.o" --specs=nano.specs -mfpu=fpv4-sp-d16 -mfloat-abi=hard -mthumb -o "Core/Src/stm32l4xx_hal_msp.o"
arm-none-eabi-gcc "../Core/Src/stm32l4xx_it.c" -mcpu=cortex-m4 -std=gnu11 -g3 -DDEBUG -DUSE_HAL_DRIVER -DSTM32L476xx -c -I../Core/Inc -I../Drivers/STM32L4xx_HAL_Driver/Inc -I../Drivers/STM32L4xx_HAL_Driver/Inc/Legacy -I../Drivers/CMSIS/Device/ST/STM32L4xx/Include -I../Drivers/CMSIS/Include -O0 -ffunction-sections -fdata-sections -Wall -fstack-usage -fcyclomatic-complexity -MMD -MP -MF"Core/Src/stm32l4xx_it.d" -MT"Core/Src/stm32l4xx_it.o" --specs=nano.specs -mfpu=fpv4-sp-d16 -mfloat-abi=hard -mthumb -o "Core/Src/stm32l4xx_it.o"
In file included from ../Core/Src/stm32l4xx_hal_msp.c:22:
../Core/Inc/main.h:31:10: fatal error: stm32xxxx_hal_i2c.h: No such file or directory
   31 | #include "stm32xxxx_hal_i2c.h"
      |          ^~~~~~~~~~~~~~~~~~~~~
compilation terminated.
In file included from ../Core/Src/stm32l4xx_it.c:21:
../Core/Inc/main.h:31:10: fatal error: stm32xxxx_hal_i2c.h: No such file or directory
   31 | #include "stm32xxxx_hal_i2c.h"
      |          ^~~~~~~~~~~~~~~~~~~~~
compilation terminated.
In file included from ../Core/Src/main.c:20:
../Core/Inc/main.h:31:10: fatal error: stm32xxxx_hal_i2c.h: No such file or directory
   31 | #include "stm32xxxx_hal_i2c.h"
      |          ^~~~~~~~~~~~~~~~~~~~~
compilation terminated.
make: *** [Core/Src/subdir.mk:37: Core/Src/stm32l4xx_hal_msp.o] Error 1
make: *** Waiting for unfinished jobs....
make: *** [Core/Src/subdir.mk:37: Core/Src/main.o] Error 1
make: *** [Core/Src/subdir.mk:37: Core/Src/stm32l4xx_it.o] Error 1
"make -j8 all" terminated with exit code 2. Build might be incomplete.
10:42:47 **** Incremental Build of configuration Debug for project ExamSysNum ****
make -j8 all 
arm-none-eabi-gcc "../Core/Src/main.c" -mcpu=cortex-m4 -std=gnu11 -g3 -DDEBUG -DUSE_HAL_DRIVER -DSTM32L476xx -c -I../Core/Inc -I../Drivers/STM32L4xx_HAL_Driver/Inc -I../Drivers/STM32L4xx_HAL_Driver/Inc/Legacy -I../Drivers/CMSIS/Device/ST/STM32L4xx/Include -I../Drivers/CMSIS/Include -O0 -ffunction-sections -fdata-sections -Wall -fstack-usage -fcyclomatic-complexity -MMD -MP -MF"Core/Src/main.d" -MT"Core/Src/main.o" --specs=nano.specs -mfpu=fpv4-sp-d16 -mfloat-abi=hard -mthumb -o "Core/Src/main.o"
arm-none-eabi-gcc "../Core/Src/stm32l4xx_hal_msp.c" -mcpu=cortex-m4 -std=gnu11 -g3 -DDEBUG -DUSE_HAL_DRIVER -DSTM32L476xx -c -I../Core/Inc -I../Drivers/STM32L4xx_HAL_Driver/Inc -I../Drivers/STM32L4xx_HAL_Driver/Inc/Legacy -I../Drivers/CMSIS/Device/ST/STM32L4xx/Include -I../Drivers/CMSIS/Include -O0 -ffunction-sections -fdata-sections -Wall -fstack-usage -fcyclomatic-complexity -MMD -MP -MF"Core/Src/stm32l4xx_hal_msp.d" -MT"Core/Src/stm32l4xx_hal_msp.o" --specs=nano.specs -mfpu=fpv4-sp-d16 -mfloat-abi=hard -mthumb -o "Core/Src/stm32l4xx_hal_msp.o"
arm-none-eabi-gcc "../Core/Src/stm32l4xx_it.c" -mcpu=cortex-m4 -std=gnu11 -g3 -DDEBUG -DUSE_HAL_DRIVER -DSTM32L476xx -c -I../Core/Inc -I../Drivers/STM32L4xx_HAL_Driver/Inc -I../Drivers/STM32L4xx_HAL_Driver/Inc/Legacy -I../Drivers/CMSIS/Device/ST/STM32L4xx/Include -I../Drivers/CMSIS/Include -O0 -ffunction-sections -fdata-sections -Wall -fstack-usage -fcyclomatic-complexity -MMD -MP -MF"Core/Src/stm32l4xx_it.d" -MT"Core/Src/stm32l4xx_it.o" --specs=nano.specs -mfpu=fpv4-sp-d16 -mfloat-abi=hard -mthumb -o "Core/Src/stm32l4xx_it.o"
In file included from ../Core/Src/stm32l4xx_hal_msp.c:22:
../Core/Inc/main.h:31:10: fatal error: stm3214xx_hal_i2c.h: No such file or directory
   31 | #include "stm3214xx_hal_i2c.h"
      |          ^~~~~~~~~~~~~~~~~~~~~
compilation terminated.
In file included from ../Core/Src/main.c:20:
../Core/Inc/main.h:31:10: fatal error: stm3214xx_hal_i2c.h: No such file or directory
   31 | #include "stm3214xx_hal_i2c.h"
      |          ^~~~~~~~~~~~~~~~~~~~~
compilation terminated.
In file included from ../Core/Src/stm32l4xx_it.c:21:
../Core/Inc/main.h:31:10: fatal error: stm3214xx_hal_i2c.h: No such file or directory
   31 | #include "stm3214xx_hal_i2c.h"
      |          ^~~~~~~~~~~~~~~~~~~~~
compilation terminated.
make: *** [Core/Src/subdir.mk:37: Core/Src/main.o] Error 1
make: *** Waiting for unfinished jobs....
make: *** [Core/Src/subdir.mk:37: Core/Src/stm32l4xx_hal_msp.o] Error 1
make: *** [Core/Src/subdir.mk:37: Core/Src/stm32l4xx_it.o] Error 1
"make -j8 all" terminated with exit code 2. Build might be incomplete.
10:44:59 **** Incremental Build of configuration Debug for project ExamSysNum ****
make -j8 all 
arm-none-eabi-gcc "../Core/Src/main.c" -mcpu=cortex-m4 -std=gnu11 -g3 -DDEBUG -DUSE_HAL_DRIVER -DSTM32L476xx -c -I../Core/Inc -I../Drivers/STM32L4xx_HAL_Driver/Inc -I../Drivers/STM32L4xx_HAL_Driver/Inc/Legacy -I../Drivers/CMSIS/Device/ST/STM32L4xx/Include -I../Drivers/CMSIS/Include -O0 -ffunction-sections -fdata-sections -Wall -fstack-usage -fcyclomatic-complexity -MMD -MP -MF"Core/Src/main.d" -MT"Core/Src/main.o" --specs=nano.specs -mfpu=fpv4-sp-d16 -mfloat-abi=hard -mthumb -o "Core/Src/main.o"
arm-none-eabi-gcc "../Core/Src/stm32l4xx_hal_msp.c" -mcpu=cortex-m4 -std=gnu11 -g3 -DDEBUG -DUSE_HAL_DRIVER -DSTM32L476xx -c -I../Core/Inc -I../Drivers/STM32L4xx_HAL_Driver/Inc -I../Drivers/STM32L4xx_HAL_Driver/Inc/Legacy -I../Drivers/CMSIS/Device/ST/STM32L4xx/Include -I../Drivers/CMSIS/Include -O0 -ffunction-sections -fdata-sections -Wall -fstack-usage -fcyclomatic-complexity -MMD -MP -MF"Core/Src/stm32l4xx_hal_msp.d" -MT"Core/Src/stm32l4xx_hal_msp.o" --specs=nano.specs -mfpu=fpv4-sp-d16 -mfloat-abi=hard -mthumb -o "Core/Src/stm32l4xx_hal_msp.o"
arm-none-eabi-gcc "../Core/Src/stm32l4xx_it.c" -mcpu=cortex-m4 -std=gnu11 -g3 -DDEBUG -DUSE_HAL_DRIVER -DSTM32L476xx -c -I../Core/Inc -I../Drivers/STM32L4xx_HAL_Driver/Inc -I../Drivers/STM32L4xx_HAL_Driver/Inc/Legacy -I../Drivers/CMSIS/Device/ST/STM32L4xx/Include -I../Drivers/CMSIS/Include -O0 -ffunction-sections -fdata-sections -Wall -fstack-usage -fcyclomatic-complexity -MMD -MP -MF"Core/Src/stm32l4xx_it.d" -MT"Core/Src/stm32l4xx_it.o" --specs=nano.specs -mfpu=fpv4-sp-d16 -mfloat-abi=hard -mthumb -o "Core/Src/stm32l4xx_it.o"
In file included from ../Core/Src/main.c:20:
../Core/Inc/main.h:31:10: fatal error: stm32F439xx_hal_i2c.h: No such file or directory
   31 | #include "stm32F439xx_hal_i2c.h"
      |          ^~~~~~~~~~~~~~~~~~~~~~~
compilation terminated.
In file included from ../Core/Src/stm32l4xx_hal_msp.c:22:
../Core/Inc/main.h:31:10: fatal error: stm32F439xx_hal_i2c.h: No such file or directory
   31 | #include "stm32F439xx_hal_i2c.h"
      |          ^~~~~~~~~~~~~~~~~~~~~~~
compilation terminated.
make: *** [Core/Src/subdir.mk:37: Core/Src/main.o] Error 1
make: *** Waiting for unfinished jobs....
In file included from ../Core/Src/stm32l4xx_it.c:21:
../Core/Inc/main.h:31:10: fatal error: stm32F439xx_hal_i2c.h: No such file or directory
   31 | #include "stm32F439xx_hal_i2c.h"
      |          ^~~~~~~~~~~~~~~~~~~~~~~
compilation terminated.
make: *** [Core/Src/subdir.mk:37: Core/Src/stm32l4xx_hal_msp.o] Error 1
make: *** [Core/Src/subdir.mk:37: Core/Src/stm32l4xx_it.o] Error 1
"make -j8 all" terminated with exit code 2. Build might be incomplete.
10:45:33 **** Incremental Build of configuration Debug for project ExamSysNum ****
make -j8 all 
arm-none-eabi-gcc "../Core/Src/main.c" -mcpu=cortex-m4 -std=gnu11 -g3 -DDEBUG -DUSE_HAL_DRIVER -DSTM32L476xx -c -I../Core/Inc -I../Drivers/STM32L4xx_HAL_Driver/Inc -I../Drivers/STM32L4xx_HAL_Driver/Inc/Legacy -I../Drivers/CMSIS/Device/ST/STM32L4xx/Include -I../Drivers/CMSIS/Include -O0 -ffunction-sections -fdata-sections -Wall -fstack-usage -fcyclomatic-complexity -MMD -MP -MF"Core/Src/main.d" -MT"Core/Src/main.o" --specs=nano.specs -mfpu=fpv4-sp-d16 -mfloat-abi=hard -mthumb -o "Core/Src/main.o"
arm-none-eabi-gcc "../Core/Src/stm32l4xx_hal_msp.c" -mcpu=cortex-m4 -std=gnu11 -g3 -DDEBUG -DUSE_HAL_DRIVER -DSTM32L476xx -c -I../Core/Inc -I../Drivers/STM32L4xx_HAL_Driver/Inc -I../Drivers/STM32L4xx_HAL_Driver/Inc/Legacy -I../Drivers/CMSIS/Device/ST/STM32L4xx/Include -I../Drivers/CMSIS/Include -O0 -ffunction-sections -fdata-sections -Wall -fstack-usage -fcyclomatic-complexity -MMD -MP -MF"Core/Src/stm32l4xx_hal_msp.d" -MT"Core/Src/stm32l4xx_hal_msp.o" --specs=nano.specs -mfpu=fpv4-sp-d16 -mfloat-abi=hard -mthumb -o "Core/Src/stm32l4xx_hal_msp.o"
arm-none-eabi-gcc "../Core/Src/stm32l4xx_it.c" -mcpu=cortex-m4 -std=gnu11 -g3 -DDEBUG -DUSE_HAL_DRIVER -DSTM32L476xx -c -I../Core/Inc -I../Drivers/STM32L4xx_HAL_Driver/Inc -I../Drivers/STM32L4xx_HAL_Driver/Inc/Legacy -I../Drivers/CMSIS/Device/ST/STM32L4xx/Include -I../Drivers/CMSIS/Include -O0 -ffunction-sections -fdata-sections -Wall -fstack-usage -fcyclomatic-complexity -MMD -MP -MF"Core/Src/stm32l4xx_it.d" -MT"Core/Src/stm32l4xx_it.o" --specs=nano.specs -mfpu=fpv4-sp-d16 -mfloat-abi=hard -mthumb -o "Core/Src/stm32l4xx_it.o"
In file included from ../Core/Src/stm32l4xx_hal_msp.c:22:
../Core/Inc/main.h:31:10: fatal error: stm32f4xx_hal_i2c.h: No such file or directory
   31 | #include "stm32f4xx_hal_i2c.h"
      |          ^~~~~~~~~~~~~~~~~~~~~
compilation terminated.
In file included from ../Core/Src/stm32l4xx_it.c:21:
../Core/Inc/main.h:31:10: fatal error: stm32f4xx_hal_i2c.h: No such file or directory
   31 | #include "stm32f4xx_hal_i2c.h"
      |          ^~~~~~~~~~~~~~~~~~~~~
In file included from ../Core/Src/main.c:20:
../Core/Inc/main.h:31:10: fatal error: stm32f4xx_hal_i2c.h: No such file or directory
   31 | #include "stm32f4xx_hal_i2c.h"
      |          ^~~~~~~~~~~~~~~~~~~~~
compilation terminated.
compilation terminated.
make: *** [Core/Src/subdir.mk:37: Core/Src/stm32l4xx_hal_msp.o] Error 1
make: *** Waiting for unfinished jobs....
make: *** [Core/Src/subdir.mk:37: Core/Src/main.o] Error 1
make: *** [Core/Src/subdir.mk:37: Core/Src/stm32l4xx_it.o] Error 1
"make -j8 all" terminated with exit code 2. Build might be incomplete.
10:46:08 **** Incremental Build of configuration Debug for project ExamSysNum ****
make -j8 all 
arm-none-eabi-gcc "../Core/Src/main.c" -mcpu=cortex-m4 -std=gnu11 -g3 -DDEBUG -DUSE_HAL_DRIVER -DSTM32L476xx -c -I../Core/Inc -I../Drivers/STM32L4xx_HAL_Driver/Inc -I../Drivers/STM32L4xx_HAL_Driver/Inc/Legacy -I../Drivers/CMSIS/Device/ST/STM32L4xx/Include -I../Drivers/CMSIS/Include -O0 -ffunction-sections -fdata-sections -Wall -fstack-usage -fcyclomatic-complexity -MMD -MP -MF"Core/Src/main.d" -MT"Core/Src/main.o" --specs=nano.specs -mfpu=fpv4-sp-d16 -mfloat-abi=hard -mthumb -o "Core/Src/main.o"
arm-none-eabi-gcc "../Core/Src/stm32l4xx_hal_msp.c" -mcpu=cortex-m4 -std=gnu11 -g3 -DDEBUG -DUSE_HAL_DRIVER -DSTM32L476xx -c -I../Core/Inc -I../Drivers/STM32L4xx_HAL_Driver/Inc -I../Drivers/STM32L4xx_HAL_Driver/Inc/Legacy -I../Drivers/CMSIS/Device/ST/STM32L4xx/Include -I../Drivers/CMSIS/Include -O0 -ffunction-sections -fdata-sections -Wall -fstack-usage -fcyclomatic-complexity -MMD -MP -MF"Core/Src/stm32l4xx_hal_msp.d" -MT"Core/Src/stm32l4xx_hal_msp.o" --specs=nano.specs -mfpu=fpv4-sp-d16 -mfloat-abi=hard -mthumb -o "Core/Src/stm32l4xx_hal_msp.o"
arm-none-eabi-gcc "../Core/Src/stm32l4xx_it.c" -mcpu=cortex-m4 -std=gnu11 -g3 -DDEBUG -DUSE_HAL_DRIVER -DSTM32L476xx -c -I../Core/Inc -I../Drivers/STM32L4xx_HAL_Driver/Inc -I../Drivers/STM32L4xx_HAL_Driver/Inc/Legacy -I../Drivers/CMSIS/Device/ST/STM32L4xx/Include -I../Drivers/CMSIS/Include -O0 -ffunction-sections -fdata-sections -Wall -fstack-usage -fcyclomatic-complexity -MMD -MP -MF"Core/Src/stm32l4xx_it.d" -MT"Core/Src/stm32l4xx_it.o" --specs=nano.specs -mfpu=fpv4-sp-d16 -mfloat-abi=hard -mthumb -o "Core/Src/stm32l4xx_it.o"
In file included from ../Core/Src/stm32l4xx_hal_msp.c:22:
../Core/Inc/main.h:31:10: fatal error: stm32f4xx_hal.h: No such file or directory
   31 | #include "stm32f4xx_hal.h"
      |          ^~~~~~~~~~~~~~~~~
compilation terminated.
In file included from ../Core/Src/main.c:20:
../Core/Inc/main.h:31:10: fatal error: stm32f4xx_hal.h: No such file or directory
   31 | #include "stm32f4xx_hal.h"
      |          ^~~~~~~~~~~~~~~~~
compilation terminated.
make: *** [Core/Src/subdir.mk:37: Core/Src/stm32l4xx_hal_msp.o] Error 1
make: *** Waiting for unfinished jobs....
make: *** [Core/Src/subdir.mk:37: Core/Src/main.o] Error 1
In file included from ../Core/Src/stm32l4xx_it.c:21:
../Core/Inc/main.h:31:10: fatal error: stm32f4xx_hal.h: No such file or directory
   31 | #include "stm32f4xx_hal.h"
      |          ^~~~~~~~~~~~~~~~~
compilation terminated.
make: *** [Core/Src/subdir.mk:37: Core/Src/stm32l4xx_it.o] Error 1
"make -j8 all" terminated with exit code 2. Build might be incomplete.
10:46:45 **** Incremental Build of configuration Debug for project ExamSysNum ****
make -j8 all 
arm-none-eabi-gcc "../Core/Src/main.c" -mcpu=cortex-m4 -std=gnu11 -g3 -DDEBUG -DUSE_HAL_DRIVER -DSTM32L476xx -c -I../Core/Inc -I../Drivers/STM32L4xx_HAL_Driver/Inc -I../Drivers/STM32L4xx_HAL_Driver/Inc/Legacy -I../Drivers/CMSIS/Device/ST/STM32L4xx/Include -I../Drivers/CMSIS/Include -O0 -ffunction-sections -fdata-sections -Wall -fstack-usage -fcyclomatic-complexity -MMD -MP -MF"Core/Src/main.d" -MT"Core/Src/main.o" --specs=nano.specs -mfpu=fpv4-sp-d16 -mfloat-abi=hard -mthumb -o "Core/Src/main.o"
arm-none-eabi-gcc "../Core/Src/stm32l4xx_hal_msp.c" -mcpu=cortex-m4 -std=gnu11 -g3 -DDEBUG -DUSE_HAL_DRIVER -DSTM32L476xx -c -I../Core/Inc -I../Drivers/STM32L4xx_HAL_Driver/Inc -I../Drivers/STM32L4xx_HAL_Driver/Inc/Legacy -I../Drivers/CMSIS/Device/ST/STM32L4xx/Include -I../Drivers/CMSIS/Include -O0 -ffunction-sections -fdata-sections -Wall -fstack-usage -fcyclomatic-complexity -MMD -MP -MF"Core/Src/stm32l4xx_hal_msp.d" -MT"Core/Src/stm32l4xx_hal_msp.o" --specs=nano.specs -mfpu=fpv4-sp-d16 -mfloat-abi=hard -mthumb -o "Core/Src/stm32l4xx_hal_msp.o"
arm-none-eabi-gcc "../Core/Src/stm32l4xx_it.c" -mcpu=cortex-m4 -std=gnu11 -g3 -DDEBUG -DUSE_HAL_DRIVER -DSTM32L476xx -c -I../Core/Inc -I../Drivers/STM32L4xx_HAL_Driver/Inc -I../Drivers/STM32L4xx_HAL_Driver/Inc/Legacy -I../Drivers/CMSIS/Device/ST/STM32L4xx/Include -I../Drivers/CMSIS/Include -O0 -ffunction-sections -fdata-sections -Wall -fstack-usage -fcyclomatic-complexity -MMD -MP -MF"Core/Src/stm32l4xx_it.d" -MT"Core/Src/stm32l4xx_it.o" --specs=nano.specs -mfpu=fpv4-sp-d16 -mfloat-abi=hard -mthumb -o "Core/Src/stm32l4xx_it.o"
../Core/Src/main.c: In function 'main':
../Core/Src/main.c:102:16: warning: implicit declaration of function 'snprintf' [-Wimplicit-function-declaration]
  102 |   textlength = snprintf(UartTxBuffer,UARTTxBuffer_SIZE,"Demo-board for \r\n");
      |                ^~~~~~~~
../Core/Src/main.c:21:1: note: include '<stdio.h>' or provide a declaration of 'snprintf'
   20 | #include "main.h"
  +++ |+#include <stdio.h>
   21 | 
../Core/Src/main.c:102:16: warning: incompatible implicit declaration of built-in function 'snprintf' [-Wbuiltin-declaration-mismatch]
  102 |   textlength = snprintf(UartTxBuffer,UARTTxBuffer_SIZE,"Demo-board for \r\n");
      |                ^~~~~~~~
../Core/Src/main.c:102:16: note: include '<stdio.h>' or provide a declaration of 'snprintf'
../Core/Src/main.c:102:25: warning: passing argument 1 of 'snprintf' makes pointer from integer without a cast [-Wint-conversion]
  102 |   textlength = snprintf(UartTxBuffer,UARTTxBuffer_SIZE,"Demo-board for \r\n");
      |                         ^~~~~~~~~~~~
      |                         |
      |                         uint8_t {aka unsigned char}
../Core/Src/main.c:102:25: note: expected 'char *' but argument is of type 'uint8_t' {aka 'unsigned char'}
../Core/Src/main.c:103:30: warning: passing argument 2 of 'HAL_UART_Transmit' makes pointer from integer without a cast [-Wint-conversion]
  103 |   HAL_UART_Transmit(&huart2, textlength, UARTTxBuffer_SIZE, 100);
      |                              ^~~~~~~~~~
      |                              |
      |                              uint8_t {aka unsigned char}
In file included from ../Core/Inc/stm32l4xx_hal_conf.h:450,
                 from ../Drivers/STM32L4xx_HAL_Driver/Inc/stm32l4xx_hal.h:29,
                 from ../Core/Inc/main.h:30,
                 from ../Core/Src/main.c:20:
../Drivers/STM32L4xx_HAL_Driver/Inc/stm32l4xx_hal_uart.h:1697:79: note: expected 'const uint8_t *' {aka 'const unsigned char *'} but argument is of type 'uint8_t' {aka 'unsigned char'}
 1697 | HAL_StatusTypeDef HAL_UART_Transmit(UART_HandleTypeDef *huart, const uint8_t *pData, uint16_t Size, uint32_t Timeout);
      |                                                                ~~~~~~~~~~~~~~~^~~~~
../Core/Src/main.c:105:14: warning: implicit declaration of function 'HAL_I2C_DeviceIsReady'; did you mean 'HAL_I2C_IsDeviceReady'? [-Wimplicit-function-declaration]
  105 |   if(HAL_OK==HAL_I2C_DeviceIsReady(&hi2c1,I2C_Address,1,100))
      |              ^~~~~~~~~~~~~~~~~~~~~
      |              HAL_I2C_IsDeviceReady
../Core/Src/main.c:107:31: warning: passing argument 1 of 'snprintf' makes pointer from integer without a cast [-Wint-conversion]
  107 |           textlength=snprintf(UartTxBuffer,UARTTxBuffer_SIZE,"Device is Ready \r\n");
      |                               ^~~~~~~~~~~~
      |                               |
      |                               uint8_t {aka unsigned char}
../Core/Src/main.c:107:31: note: expected 'char *' but argument is of type 'uint8_t' {aka 'unsigned char'}
../Core/Src/main.c:108:38: warning: passing argument 2 of 'HAL_UART_Transmit' makes pointer from integer without a cast [-Wint-conversion]
  108 |           HAL_UART_Transmit(&huart2, textlength, UARTTxBuffer_SIZE, 100);
      |                                      ^~~~~~~~~~
      |                                      |
      |                                      uint8_t {aka unsigned char}
In file included from ../Core/Inc/stm32l4xx_hal_conf.h:450,
                 from ../Drivers/STM32L4xx_HAL_Driver/Inc/stm32l4xx_hal.h:29,
                 from ../Core/Inc/main.h:30,
                 from ../Core/Src/main.c:20:
../Drivers/STM32L4xx_HAL_Driver/Inc/stm32l4xx_hal_uart.h:1697:79: note: expected 'const uint8_t *' {aka 'const unsigned char *'} but argument is of type 'uint8_t' {aka 'unsigned char'}
 1697 | HAL_StatusTypeDef HAL_UART_Transmit(UART_HandleTypeDef *huart, const uint8_t *pData, uint16_t Size, uint32_t Timeout);
      |                                                                ~~~~~~~~~~~~~~~^~~~~
../Core/Src/main.c:112:31: warning: passing argument 1 of 'snprintf' makes pointer from integer without a cast [-Wint-conversion]
  112 |           textlength=snprintf(UartTxBuffer,UARTTxBuffer_SIZE,"Device is not Ready \r\n");
      |                               ^~~~~~~~~~~~
      |                               |
      |                               uint8_t {aka unsigned char}
../Core/Src/main.c:112:31: note: expected 'char *' but argument is of type 'uint8_t' {aka 'unsigned char'}
../Core/Src/main.c:113:38: warning: passing argument 2 of 'HAL_UART_Transmit' makes pointer from integer without a cast [-Wint-conversion]
  113 |           HAL_UART_Transmit(&huart2, textlength, UARTTxBuffer_SIZE, 100);
      |                                      ^~~~~~~~~~
      |                                      |
      |                                      uint8_t {aka unsigned char}
In file included from ../Core/Inc/stm32l4xx_hal_conf.h:450,
                 from ../Drivers/STM32L4xx_HAL_Driver/Inc/stm32l4xx_hal.h:29,
                 from ../Core/Inc/main.h:30,
                 from ../Core/Src/main.c:20:
../Drivers/STM32L4xx_HAL_Driver/Inc/stm32l4xx_hal_uart.h:1697:79: note: expected 'const uint8_t *' {aka 'const unsigned char *'} but argument is of type 'uint8_t' {aka 'unsigned char'}
 1697 | HAL_StatusTypeDef HAL_UART_Transmit(UART_HandleTypeDef *huart, const uint8_t *pData, uint16_t Size, uint32_t Timeout);
      |                                                                ~~~~~~~~~~~~~~~^~~~~
arm-none-eabi-gcc -o "ExamSysNum.elf" @"objects.list"   -mcpu=cortex-m4 -T"C:\Users\saiko no oniisan\STM32CubeIDE\workspace_1.13.2\2024-ExamSysNumBouticheAbdelrahmen\ExamSysNum\STM32L476RGTX_FLASH.ld" --specs=nosys.specs -Wl,-Map="ExamSysNum.map" -Wl,--gc-sections -static --specs=nano.specs -mfpu=fpv4-sp-d16 -mfloat-abi=hard -mthumb -Wl,--start-group -lc -lm -Wl,--end-group
C:/ST/STM32CubeIDE_1.13.2/STM32CubeIDE/plugins/com.st.stm32cube.ide.mcu.externaltools.gnu-tools-for-stm32.11.3.rel1.win32_1.1.1.202309131626/tools/bin/../lib/gcc/arm-none-eabi/11.3.1/../../../../arm-none-eabi/bin/ld.exe: ./Core/Src/main.o: in function `main':
C:/Users/saiko no oniisan/STM32CubeIDE/workspace_1.13.2/2024-ExamSysNumBouticheAbdelrahmen/ExamSysNum/Debug/../Core/Src/main.c:105: undefined reference to `HAL_I2C_DeviceIsReady'
collect2.exe: error: ld returned 1 exit status
make: *** [makefile:64: ExamSysNum.elf] Error 1
"make -j8 all" terminated with exit code 2. Build might be incomplete.
10:47:57 **** Incremental Build of configuration Debug for project ExamSysNum ****
make -j8 all 
arm-none-eabi-gcc "../Core/Src/main.c" -mcpu=cortex-m4 -std=gnu11 -g3 -DDEBUG -DUSE_HAL_DRIVER -DSTM32L476xx -c -I../Core/Inc -I../Drivers/STM32L4xx_HAL_Driver/Inc -I../Drivers/STM32L4xx_HAL_Driver/Inc/Legacy -I../Drivers/CMSIS/Device/ST/STM32L4xx/Include -I../Drivers/CMSIS/Include -O0 -ffunction-sections -fdata-sections -Wall -fstack-usage -fcyclomatic-complexity -MMD -MP -MF"Core/Src/main.d" -MT"Core/Src/main.o" --specs=nano.specs -mfpu=fpv4-sp-d16 -mfloat-abi=hard -mthumb -o "Core/Src/main.o"
../Core/Src/main.c: In function 'main':
../Core/Src/main.c:102:16: warning: implicit declaration of function 'snprintf' [-Wimplicit-function-declaration]
  102 |   textlength = snprintf(UartTxBuffer,UARTTxBuffer_SIZE,"Demo-board for \r\n");
      |                ^~~~~~~~
../Core/Src/main.c:21:1: note: include '<stdio.h>' or provide a declaration of 'snprintf'
   20 | #include "main.h"
  +++ |+#include <stdio.h>
   21 | 
../Core/Src/main.c:102:16: warning: incompatible implicit declaration of built-in function 'snprintf' [-Wbuiltin-declaration-mismatch]
  102 |   textlength = snprintf(UartTxBuffer,UARTTxBuffer_SIZE,"Demo-board for \r\n");
      |                ^~~~~~~~
../Core/Src/main.c:102:16: note: include '<stdio.h>' or provide a declaration of 'snprintf'
../Core/Src/main.c:102:25: warning: passing argument 1 of 'snprintf' makes pointer from integer without a cast [-Wint-conversion]
  102 |   textlength = snprintf(UartTxBuffer,UARTTxBuffer_SIZE,"Demo-board for \r\n");
      |                         ^~~~~~~~~~~~
      |                         |
      |                         uint8_t {aka unsigned char}
../Core/Src/main.c:102:25: note: expected 'char *' but argument is of type 'uint8_t' {aka 'unsigned char'}
../Core/Src/main.c:103:30: warning: passing argument 2 of 'HAL_UART_Transmit' makes pointer from integer without a cast [-Wint-conversion]
  103 |   HAL_UART_Transmit(&huart2, textlength, UARTTxBuffer_SIZE, 100);
      |                              ^~~~~~~~~~
      |                              |
      |                              uint8_t {aka unsigned char}
In file included from ../Core/Inc/stm32l4xx_hal_conf.h:450,
                 from ../Drivers/STM32L4xx_HAL_Driver/Inc/stm32l4xx_hal.h:29,
                 from ../Core/Inc/main.h:30,
                 from ../Core/Src/main.c:20:
../Drivers/STM32L4xx_HAL_Driver/Inc/stm32l4xx_hal_uart.h:1697:79: note: expected 'const uint8_t *' {aka 'const unsigned char *'} but argument is of type 'uint8_t' {aka 'unsigned char'}
 1697 | HAL_StatusTypeDef HAL_UART_Transmit(UART_HandleTypeDef *huart, const uint8_t *pData, uint16_t Size, uint32_t Timeout);
      |                                                                ~~~~~~~~~~~~~~~^~~~~
../Core/Src/main.c:106:31: warning: passing argument 1 of 'snprintf' makes pointer from integer without a cast [-Wint-conversion]
  106 |           textlength=snprintf(UartTxBuffer,UARTTxBuffer_SIZE,"Device is Ready \r\n");
      |                               ^~~~~~~~~~~~
      |                               |
      |                               uint8_t {aka unsigned char}
../Core/Src/main.c:106:31: note: expected 'char *' but argument is of type 'uint8_t' {aka 'unsigned char'}
../Core/Src/main.c:107:38: warning: passing argument 2 of 'HAL_UART_Transmit' makes pointer from integer without a cast [-Wint-conversion]
  107 |           HAL_UART_Transmit(&huart2, textlength, UARTTxBuffer_SIZE, 100);
      |                                      ^~~~~~~~~~
      |                                      |
      |                                      uint8_t {aka unsigned char}
In file included from ../Core/Inc/stm32l4xx_hal_conf.h:450,
                 from ../Drivers/STM32L4xx_HAL_Driver/Inc/stm32l4xx_hal.h:29,
                 from ../Core/Inc/main.h:30,
                 from ../Core/Src/main.c:20:
../Drivers/STM32L4xx_HAL_Driver/Inc/stm32l4xx_hal_uart.h:1697:79: note: expected 'const uint8_t *' {aka 'const unsigned char *'} but argument is of type 'uint8_t' {aka 'unsigned char'}
 1697 | HAL_StatusTypeDef HAL_UART_Transmit(UART_HandleTypeDef *huart, const uint8_t *pData, uint16_t Size, uint32_t Timeout);
      |                                                                ~~~~~~~~~~~~~~~^~~~~
../Core/Src/main.c:111:31: warning: passing argument 1 of 'snprintf' makes pointer from integer without a cast [-Wint-conversion]
  111 |           textlength=snprintf(UartTxBuffer,UARTTxBuffer_SIZE,"Device is not Ready \r\n");
      |                               ^~~~~~~~~~~~
      |                               |
      |                               uint8_t {aka unsigned char}
../Core/Src/main.c:111:31: note: expected 'char *' but argument is of type 'uint8_t' {aka 'unsigned char'}
../Core/Src/main.c:112:38: warning: passing argument 2 of 'HAL_UART_Transmit' makes pointer from integer without a cast [-Wint-conversion]
  112 |           HAL_UART_Transmit(&huart2, textlength, UARTTxBuffer_SIZE, 100);
      |                                      ^~~~~~~~~~
      |                                      |
      |                                      uint8_t {aka unsigned char}
In file included from ../Core/Inc/stm32l4xx_hal_conf.h:450,
                 from ../Drivers/STM32L4xx_HAL_Driver/Inc/stm32l4xx_hal.h:29,
                 from ../Core/Inc/main.h:30,
                 from ../Core/Src/main.c:20:
../Drivers/STM32L4xx_HAL_Driver/Inc/stm32l4xx_hal_uart.h:1697:79: note: expected 'const uint8_t *' {aka 'const unsigned char *'} but argument is of type 'uint8_t' {aka 'unsigned char'}
 1697 | HAL_StatusTypeDef HAL_UART_Transmit(UART_HandleTypeDef *huart, const uint8_t *pData, uint16_t Size, uint32_t Timeout);
      |                                                                ~~~~~~~~~~~~~~~^~~~~
arm-none-eabi-gcc -o "ExamSysNum.elf" @"objects.list"   -mcpu=cortex-m4 -T"C:\Users\saiko no oniisan\STM32CubeIDE\workspace_1.13.2\2024-ExamSysNumBouticheAbdelrahmen\ExamSysNum\STM32L476RGTX_FLASH.ld" --specs=nosys.specs -Wl,-Map="ExamSysNum.map" -Wl,--gc-sections -static --specs=nano.specs -mfpu=fpv4-sp-d16 -mfloat-abi=hard -mthumb -Wl,--start-group -lc -lm -Wl,--end-group
Finished building target: ExamSysNum.elf
 
arm-none-eabi-size   ExamSysNum.elf 
arm-none-eabi-objdump -h -S  ExamSysNum.elf  > "ExamSysNum.list"
   text	   data	    bss	    dec	    hex	filename
  17044	    100	   2124	  19268	   4b44	ExamSysNum.elf
Finished building: default.size.stdout
 
Finished building: ExamSysNum.list
 
10:48:16 **** Incremental Build of configuration Debug for project ExamSysNum ****
make -j8 all 
arm-none-eabi-size   ExamSysNum.elf 
   text	   data	    bss	    dec	    hex	filename
  17044	    100	   2124	  19268	   4b44	ExamSysNum.elf
Finished building: default.size.stdout
 
10:52:01 **** Incremental Build of configuration Debug for project ExamSysNum ****
make -j8 all 
arm-none-eabi-gcc "../Core/Src/main.c" -mcpu=cortex-m4 -std=gnu11 -g3 -DDEBUG -DUSE_HAL_DRIVER -DSTM32L476xx -c -I../Core/Inc -I../Drivers/STM32L4xx_HAL_Driver/Inc -I../Drivers/STM32L4xx_HAL_Driver/Inc/Legacy -I../Drivers/CMSIS/Device/ST/STM32L4xx/Include -I../Drivers/CMSIS/Include -O0 -ffunction-sections -fdata-sections -Wall -fstack-usage -fcyclomatic-complexity -MMD -MP -MF"Core/Src/main.d" -MT"Core/Src/main.o" --specs=nano.specs -mfpu=fpv4-sp-d16 -mfloat-abi=hard -mthumb -o "Core/Src/main.o"
../Core/Src/main.c: In function 'main':
../Core/Src/main.c:102:16: warning: implicit declaration of function 'sprintf' [-Wimplicit-function-declaration]
  102 |   textlength = sprintf(UartTxBuffer,"Demo-board for \r\n");
      |                ^~~~~~~
../Core/Src/main.c:21:1: note: include '<stdio.h>' or provide a declaration of 'sprintf'
   20 | #include "main.h"
  +++ |+#include <stdio.h>
   21 | 
../Core/Src/main.c:102:16: warning: incompatible implicit declaration of built-in function 'sprintf' [-Wbuiltin-declaration-mismatch]
  102 |   textlength = sprintf(UartTxBuffer,"Demo-board for \r\n");
      |                ^~~~~~~
../Core/Src/main.c:102:16: note: include '<stdio.h>' or provide a declaration of 'sprintf'
../Core/Src/main.c:102:24: warning: pointer targets in passing argument 1 of 'sprintf' differ in signedness [-Wpointer-sign]
  102 |   textlength = sprintf(UartTxBuffer,"Demo-board for \r\n");
      |                        ^~~~~~~~~~~~
      |                        |
      |                        uint8_t * {aka unsigned char *}
../Core/Src/main.c:102:24: note: expected 'char *' but argument is of type 'uint8_t *' {aka 'unsigned char *'}
../Core/Src/main.c:103:30: warning: passing argument 2 of 'HAL_UART_Transmit' makes pointer from integer without a cast [-Wint-conversion]
  103 |   HAL_UART_Transmit(&huart2, textlength, UARTTxBuffer_SIZE, 100);
      |                              ^~~~~~~~~~
      |                              |
      |                              uint8_t {aka unsigned char}
In file included from ../Core/Inc/stm32l4xx_hal_conf.h:450,
                 from ../Drivers/STM32L4xx_HAL_Driver/Inc/stm32l4xx_hal.h:29,
                 from ../Core/Inc/main.h:30,
                 from ../Core/Src/main.c:20:
../Drivers/STM32L4xx_HAL_Driver/Inc/stm32l4xx_hal_uart.h:1697:79: note: expected 'const uint8_t *' {aka 'const unsigned char *'} but argument is of type 'uint8_t' {aka 'unsigned char'}
 1697 | HAL_StatusTypeDef HAL_UART_Transmit(UART_HandleTypeDef *huart, const uint8_t *pData, uint16_t Size, uint32_t Timeout);
      |                                                                ~~~~~~~~~~~~~~~^~~~~
../Core/Src/main.c:106:22: warning: implicit declaration of function 'snprintf' [-Wimplicit-function-declaration]
  106 |           textlength=snprintf(UartTxBuffer,UARTTxBuffer_SIZE,"Device is Ready \r\n");
      |                      ^~~~~~~~
../Core/Src/main.c:106:22: note: include '<stdio.h>' or provide a declaration of 'snprintf'
../Core/Src/main.c:106:22: warning: incompatible implicit declaration of built-in function 'snprintf' [-Wbuiltin-declaration-mismatch]
../Core/Src/main.c:106:22: note: include '<stdio.h>' or provide a declaration of 'snprintf'
[...]
../Core/Src/main.c:105:44: warning: implicit declaration of function 'strlen' [-Wimplicit-function-declaration]
  105 |   HAL_UART_Transmit(&huart2, UartTxBuffer, strlen(UartTxBuffer), 0xFFFF);
      |                                            ^~~~~~
../Core/Src/main.c:21:1: note: include '<string.h>' or provide a declaration of 'strlen'
   20 | #include "main.h"
  +++ |+#include <string.h>
   21 | 
../Core/Src/main.c:105:44: warning: incompatible implicit declaration of built-in function 'strlen' [-Wbuiltin-declaration-mismatch]
  105 |   HAL_UART_Transmit(&huart2, UartTxBuffer, strlen(UartTxBuffer), 0xFFFF);
      |                                            ^~~~~~
../Core/Src/main.c:105:44: note: include '<string.h>' or provide a declaration of 'strlen'
../Core/Src/main.c:105:51: warning: pointer targets in passing argument 1 of 'strlen' differ in signedness [-Wpointer-sign]
  105 |   HAL_UART_Transmit(&huart2, UartTxBuffer, strlen(UartTxBuffer), 0xFFFF);
      |                                                   ^~~~~~~~~~~~
      |                                                   |
      |                                                   uint8_t * {aka unsigned char *}
../Core/Src/main.c:105:51: note: expected 'const char *' but argument is of type 'uint8_t *' {aka 'unsigned char *'}
../Core/Src/main.c:111:19: warning: pointer targets in passing argument 1 of 'sprintf' differ in signedness [-Wpointer-sign]
  111 |           sprintf(UartTxBuffer,"Device is Ready \r\n");
      |                   ^~~~~~~~~~~~
      |                   |
      |                   uint8_t * {aka unsigned char *}
../Core/Src/main.c:111:19: note: expected 'char *' but argument is of type 'uint8_t *' {aka 'unsigned char *'}
../Core/Src/main.c:112:59: warning: pointer targets in passing argument 1 of 'strlen' differ in signedness [-Wpointer-sign]
  112 |           HAL_UART_Transmit(&huart2, UartTxBuffer, strlen(UartTxBuffer), 0xFFFF);
      |                                                           ^~~~~~~~~~~~
      |                                                           |
      |                                                           uint8_t * {aka unsigned char *}
../Core/Src/main.c:112:59: note: expected 'const char *' but argument is of type 'uint8_t *' {aka 'unsigned char *'}
../Core/Src/main.c:117:19: warning: pointer targets in passing argument 1 of 'sprintf' differ in signedness [-Wpointer-sign]
  117 |           sprintf(UartTxBuffer,"Device is not Ready \r\n");
      |                   ^~~~~~~~~~~~
      |                   |
      |                   uint8_t * {aka unsigned char *}
../Core/Src/main.c:117:19: note: expected 'char *' but argument is of type 'uint8_t *' {aka 'unsigned char *'}
../Core/Src/main.c:118:59: warning: pointer targets in passing argument 1 of 'strlen' differ in signedness [-Wpointer-sign]
  118 |           HAL_UART_Transmit(&huart2, UartTxBuffer, strlen(UartTxBuffer), 0xFFFF);
      |                                                           ^~~~~~~~~~~~
      |                                                           |
      |                                                           uint8_t * {aka unsigned char *}
../Core/Src/main.c:118:59: note: expected 'const char *' but argument is of type 'uint8_t *' {aka 'unsigned char *'}
../Core/Src/main.c:132:73: warning: passing argument 5 of 'HAL_I2C_Mem_Read' from incompatible pointer type [-Wincompatible-pointer-types]
  132 |           if(HAL_I2C_Mem_Read(&hi2c1,I2C_Address<<1, TCN75S_TEMP_REG,1, &temperatureData, sizeof(temperatureData), 1000)==HAL_OK)
      |                                                                         ^~~~~~~~~~~~~~~~
      |                                                                         |
      |                                                                         uint16_t * {aka short unsigned int *}
In file included from ../Core/Inc/stm32l4xx_hal_conf.h:342,
                 from ../Drivers/STM32L4xx_HAL_Driver/Inc/stm32l4xx_hal.h:29,
                 from ../Core/Inc/main.h:30,
                 from ../Core/Src/main.c:20:
../Drivers/STM32L4xx_HAL_Driver/Inc/stm32l4xx_hal_i2c.h:637:66: note: expected 'uint8_t *' {aka 'unsigned char *'} but argument is of type 'uint16_t *' {aka 'short unsigned int *'}
  637 |                                    uint16_t MemAddSize, uint8_t *pData, uint16_t Size, uint32_t Timeout);
      |                                                         ~~~~~~~~~^~~~~
../Core/Src/main.c:135:19: warning: pointer targets in passing argument 1 of 'sprintf' differ in signedness [-Wpointer-sign]
  135 |           sprintf(UartTxBuffer,"Raw temperature : %ld \r\n",temperatureData);
      |                   ^~~~~~~~~~~~
      |                   |
      |                   uint8_t * {aka unsigned char *}
../Core/Src/main.c:135:19: note: expected 'char *' but argument is of type 'uint8_t *' {aka 'unsigned char *'}
../Core/Src/main.c:135:53: warning: format '%ld' expects argument of type 'long int', but argument 3 has type 'int' [-Wformat=]
  135 |           sprintf(UartTxBuffer,"Raw temperature : %ld \r\n",temperatureData);
      |                                                   ~~^       ~~~~~~~~~~~~~~~
      |                                                     |       |
      |                                                     |       int
      |                                                     long int
      |                                                   %d
../Core/Src/main.c:136:59: warning: pointer targets in passing argument 1 of 'strlen' differ in signedness [-Wpointer-sign]
  136 |           HAL_UART_Transmit(&huart2, UartTxBuffer, strlen(UartTxBuffer), 0xFFFF);
      |                                                           ^~~~~~~~~~~~
      |                                                           |
      |                                                           uint8_t * {aka unsigned char *}
../Core/Src/main.c:136:59: note: expected 'const char *' but argument is of type 'uint8_t *' {aka 'unsigned char *'}
../Core/Src/main.c:143:11: warning: pointer targets in passing argument 1 of 'sprintf' differ in signedness [-Wpointer-sign]
  143 |   sprintf(UartTxBuffer," temperature : %f \r\n",temperature);
      |           ^~~~~~~~~~~~
      |           |
      |           uint8_t * {aka unsigned char *}
../Core/Src/main.c:143:11: note: expected 'char *' but argument is of type 'uint8_t *' {aka 'unsigned char *'}
../Core/Src/main.c:144:51: warning: pointer targets in passing argument 1 of 'strlen' differ in signedness [-Wpointer-sign]
  144 |   HAL_UART_Transmit(&huart2, UartTxBuffer, strlen(UartTxBuffer), 0xFFFF);
      |                                                   ^~~~~~~~~~~~
      |                                                   |
      |                                                   uint8_t * {aka unsigned char *}
../Core/Src/main.c:144:51: note: expected 'const char *' but argument is of type 'uint8_t *' {aka 'unsigned char *'}
../Core/Src/main.c:149:27: warning: pointer targets in passing argument 1 of 'sprintf' differ in signedness [-Wpointer-sign]
  149 |                   sprintf(UartTxBuffer,"Could not get data \r\n");
      |                           ^~~~~~~~~~~~
      |                           |
      |                           uint8_t * {aka unsigned char *}
../Core/Src/main.c:149:27: note: expected 'char *' but argument is of type 'uint8_t *' {aka 'unsigned char *'}
../Core/Src/main.c:150:67: warning: pointer targets in passing argument 1 of 'strlen' differ in signedness [-Wpointer-sign]
  150 |                   HAL_UART_Transmit(&huart2, UartTxBuffer, strlen(UartTxBuffer), 0xFFFF);
      |                                                                   ^~~~~~~~~~~~
      |                                                                   |
      |                                                                   uint8_t * {aka unsigned char *}
../Core/Src/main.c:150:67: note: expected 'const char *' but argument is of type 'uint8_t *' {aka 'unsigned char *'}
arm-none-eabi-gcc -o "ExamSysNum.elf" @"objects.list"   -mcpu=cortex-m4 -T"C:\Users\saiko no oniisan\STM32CubeIDE\workspace_1.13.2\2024-ExamSysNumBouticheAbdelrahmen\ExamSysNum\STM32L476RGTX_FLASH.ld" --specs=nosys.specs -Wl,-Map="ExamSysNum.map" -Wl,--gc-sections -static --specs=nano.specs -mfpu=fpv4-sp-d16 -mfloat-abi=hard -mthumb -u _printf_float -Wl,--start-group -lc -lm -Wl,--end-group
Finished building target: ExamSysNum.elf
 
arm-none-eabi-size   ExamSysNum.elf 
arm-none-eabi-objdump -h -S  ExamSysNum.elf  > "ExamSysNum.list"
   text	   data	    bss	    dec	    hex	filename
  31540	    476	   2188	  34204	   859c	ExamSysNum.elf
Finished building: default.size.stdout
 
Finished building: ExamSysNum.list
 
12:11:32 **** Incremental Build of configuration Debug for project ExamSysNum ****
make -j8 all 
arm-none-eabi-size   ExamSysNum.elf 
   text	   data	    bss	    dec	    hex	filename
  31540	    476	   2188	  34204	   859c	ExamSysNum.elf
Finished building: default.size.stdout
 
12:12:14 **** Incremental Build of configuration Debug for project ExamSysNum ****
make -j8 all 
arm-none-eabi-gcc "../Core/Src/main.c" -mcpu=cortex-m4 -std=gnu11 -g3 -DDEBUG -DUSE_HAL_DRIVER -DSTM32L476xx -c -I../Core/Inc -I../Drivers/STM32L4xx_HAL_Driver/Inc -I../Drivers/STM32L4xx_HAL_Driver/Inc/Legacy -I../Drivers/CMSIS/Device/ST/STM32L4xx/Include -I../Drivers/CMSIS/Include -O0 -ffunction-sections -fdata-sections -Wall -fstack-usage -fcyclomatic-complexity -MMD -MP -MF"Core/Src/main.d" -MT"Core/Src/main.o" --specs=nano.specs -mfpu=fpv4-sp-d16 -mfloat-abi=hard -mthumb -o "Core/Src/main.o"
../Core/Src/main.c: In function 'main':
../Core/Src/main.c:104:3: warning: implicit declaration of function 'sprintf' [-Wimplicit-function-declaration]
  104 |   sprintf(UartTxBuffer,"Demo-board for sensor captor \r\n");
      |   ^~~~~~~
../Core/Src/main.c:21:1: note: include '<stdio.h>' or provide a declaration of 'sprintf'
   20 | #include "main.h"
  +++ |+#include <stdio.h>
   21 | 
../Core/Src/main.c:104:3: warning: incompatible implicit declaration of built-in function 'sprintf' [-Wbuiltin-declaration-mismatch]
  104 |   sprintf(UartTxBuffer,"Demo-board for sensor captor \r\n");
      |   ^~~~~~~
../Core/Src/main.c:104:3: note: include '<stdio.h>' or provide a declaration of 'sprintf'
../Core/Src/main.c:104:11: warning: pointer targets in passing argument 1 of 'sprintf' differ in signedness [-Wpointer-sign]
  104 |   sprintf(UartTxBuffer,"Demo-board for sensor captor \r\n");
      |           ^~~~~~~~~~~~
      |           |
      |           uint8_t * {aka unsigned char *}
../Core/Src/main.c:104:11: note: expected 'char *' but argument is of type 'uint8_t *' {aka 'unsigned char *'}
../Core/Src/main.c:105:44: warning: implicit declaration of function 'strlen' [-Wimplicit-function-declaration]
  105 |   HAL_UART_Transmit(&huart2, UartTxBuffer, strlen(UartTxBuffer), 0xFFFF);
      |                                            ^~~~~~
../Core/Src/main.c:21:1: note: include '<string.h>' or provide a declaration of 'strlen'
   20 | #include "main.h"
  +++ |+#include <string.h>
   21 | 
../Core/Src/main.c:105:44: warning: incompatible implicit declaration of built-in function 'strlen' [-Wbuiltin-declaration-mismatch]
  105 |   HAL_UART_Transmit(&huart2, UartTxBuffer, strlen(UartTxBuffer), 0xFFFF);
      |                                            ^~~~~~
../Core/Src/main.c:105:44: note: include '<string.h>' or provide a declaration of 'strlen'
../Core/Src/main.c:105:51: warning: pointer targets in passing argument 1 of 'strlen' differ in signedness [-Wpointer-sign]
  105 |   HAL_UART_Transmit(&huart2, UartTxBuffer, strlen(UartTxBuffer), 0xFFFF);
      |                                                   ^~~~~~~~~~~~
      |                                                   |
      |                                                   uint8_t * {aka unsigned char *}
../Core/Src/main.c:105:51: note: expected 'const char *' but argument is of type 'uint8_t *' {aka 'unsigned char *'}
../Core/Src/main.c:111:19: warning: pointer targets in passing argument 1 of 'sprintf' differ in signedness [-Wpointer-sign]
  111 |           sprintf(UartTxBuffer,"Device is Ready \r\n");
      |                   ^~~~~~~~~~~~
      |                   |
      |                   uint8_t * {aka unsigned char *}
../Core/Src/main.c:111:19: note: expected 'char *' but argument is of type 'uint8_t *' {aka 'unsigned char *'}
../Core/Src/main.c:112:59: warning: pointer targets in passing argument 1 of 'strlen' differ in signedness [-Wpointer-sign]
  112 |           HAL_UART_Transmit(&huart2, UartTxBuffer, strlen(UartTxBuffer), 0xFFFF);
      |                                                           ^~~~~~~~~~~~
      |                                                           |
      |                                                           uint8_t * {aka unsigned char *}
../Core/Src/main.c:112:59: note: expected 'const char *' but argument is of type 'uint8_t *' {aka 'unsigned char *'}
../Core/Src/main.c:117:19: warning: pointer targets in passing argument 1 of 'sprintf' differ in signedness [-Wpointer-sign]
  117 |           sprintf(UartTxBuffer,"Device is not Ready \r\n");
      |                   ^~~~~~~~~~~~
      |                   |
      |                   uint8_t * {aka unsigned char *}
../Core/Src/main.c:117:19: note: expected 'char *' but argument is of type 'uint8_t *' {aka 'unsigned char *'}
../Core/Src/main.c:118:59: warning: pointer targets in passing argument 1 of 'strlen' differ in signedness [-Wpointer-sign]
  118 |           HAL_UART_Transmit(&huart2, UartTxBuffer, strlen(UartTxBuffer), 0xFFFF);
      |                                                           ^~~~~~~~~~~~
      |                                                           |
      |                                                           uint8_t * {aka unsigned char *}
../Core/Src/main.c:118:59: note: expected 'const char *' but argument is of type 'uint8_t *' {aka 'unsigned char *'}
../Core/Src/main.c:132:73: warning: passing argument 5 of 'HAL_I2C_Mem_Read' from incompatible pointer type [-Wincompatible-pointer-types]
  132 |           if(HAL_I2C_Mem_Read(&hi2c1,I2C_Address<<1, TCN75S_TEMP_REG,1, &temperatureData, sizeof(temperatureData), 1000)==HAL_OK)
      |                                                                         ^~~~~~~~~~~~~~~~
      |                                                                         |
      |                                                                         uint16_t * {aka short unsigned int *}
In file included from ../Core/Inc/stm32l4xx_hal_conf.h:342,
                 from ../Drivers/STM32L4xx_HAL_Driver/Inc/stm32l4xx_hal.h:29,
                 from ../Core/Inc/main.h:30,
                 from ../Core/Src/main.c:20:
../Drivers/STM32L4xx_HAL_Driver/Inc/stm32l4xx_hal_i2c.h:637:66: note: expected 'uint8_t *' {aka 'unsigned char *'} but argument is of type 'uint16_t *' {aka 'short unsigned int *'}
  637 |                                    uint16_t MemAddSize, uint8_t *pData, uint16_t Size, uint32_t Timeout);
      |                                                         ~~~~~~~~~^~~~~
../Core/Src/main.c:135:19: warning: pointer targets in passing argument 1 of 'sprintf' differ in signedness [-Wpointer-sign]
  135 |           sprintf(UartTxBuffer,"Raw temperature : %ld \r\n",temperatureData);
      |                   ^~~~~~~~~~~~
      |                   |
      |                   uint8_t * {aka unsigned char *}
../Core/Src/main.c:135:19: note: expected 'char *' but argument is of type 'uint8_t *' {aka 'unsigned char *'}
../Core/Src/main.c:135:53: warning: format '%ld' expects argument of type 'long int', but argument 3 has type 'int' [-Wformat=]
  135 |           sprintf(UartTxBuffer,"Raw temperature : %ld \r\n",temperatureData);
      |                                                   ~~^       ~~~~~~~~~~~~~~~
      |                                                     |       |
      |                                                     |       int
      |                                                     long int
      |                                                   %d
../Core/Src/main.c:136:59: warning: pointer targets in passing argument 1 of 'strlen' differ in signedness [-Wpointer-sign]
  136 |           HAL_UART_Transmit(&huart2, UartTxBuffer, strlen(UartTxBuffer), 0xFFFF);
      |                                                           ^~~~~~~~~~~~
      |                                                           |
      |                                                           uint8_t * {aka unsigned char *}
../Core/Src/main.c:136:59: note: expected 'const char *' but argument is of type 'uint8_t *' {aka 'unsigned char *'}
../Core/Src/main.c:143:11: warning: pointer targets in passing argument 1 of 'sprintf' differ in signedness [-Wpointer-sign]
  143 |   sprintf(UartTxBuffer," temperature : %f \r\n",temperature);
      |           ^~~~~~~~~~~~
      |           |
      |           uint8_t * {aka unsigned char *}
../Core/Src/main.c:143:11: note: expected 'char *' but argument is of type 'uint8_t *' {aka 'unsigned char *'}
../Core/Src/main.c:144:51: warning: pointer targets in passing argument 1 of 'strlen' differ in signedness [-Wpointer-sign]
  144 |   HAL_UART_Transmit(&huart2, UartTxBuffer, strlen(UartTxBuffer), 0xFFFF);
      |                                                   ^~~~~~~~~~~~
      |                                                   |
      |                                                   uint8_t * {aka unsigned char *}
../Core/Src/main.c:144:51: note: expected 'const char *' but argument is of type 'uint8_t *' {aka 'unsigned char *'}
../Core/Src/main.c:149:27: warning: pointer targets in passing argument 1 of 'sprintf' differ in signedness [-Wpointer-sign]
  149 |                   sprintf(UartTxBuffer,"Could not get data \r\n");
      |                           ^~~~~~~~~~~~
      |                           |
      |                           uint8_t * {aka unsigned char *}
../Core/Src/main.c:149:27: note: expected 'char *' but argument is of type 'uint8_t *' {aka 'unsigned char *'}
../Core/Src/main.c:150:67: warning: pointer targets in passing argument 1 of 'strlen' differ in signedness [-Wpointer-sign]
  150 |                   HAL_UART_Transmit(&huart2, UartTxBuffer, strlen(UartTxBuffer), 0xFFFF);
      |                                                                   ^~~~~~~~~~~~
      |                                                                   |
      |                                                                   uint8_t * {aka unsigned char *}
../Core/Src/main.c:150:67: note: expected 'const char *' but argument is of type 'uint8_t *' {aka 'unsigned char *'}
arm-none-eabi-gcc -o "ExamSysNum.elf" @"objects.list"   -mcpu=cortex-m4 -T"C:\Users\saiko no oniisan\STM32CubeIDE\workspace_1.13.2\2024-ExamSysNumBouticheAbdelrahmen\ExamSysNum\STM32L476RGTX_FLASH.ld" --specs=nosys.specs -Wl,-Map="ExamSysNum.map" -Wl,--gc-sections -static --specs=nano.specs -mfpu=fpv4-sp-d16 -mfloat-abi=hard -mthumb -u _printf_float -Wl,--start-group -lc -lm -Wl,--end-group
Finished building target: ExamSysNum.elf
 
arm-none-eabi-size   ExamSysNum.elf 
arm-none-eabi-objdump -h -S  ExamSysNum.elf  > "ExamSysNum.list"
   text	   data	    bss	    dec	    hex	filename
  31620	    476	   2188	  34284	   85ec	ExamSysNum.elf
Finished building: default.size.stdout
 
Finished building: ExamSysNum.list
 
12:12:18 **** Incremental Build of configuration Debug for project ExamSysNum ****
make -j8 all 
arm-none-eabi-size   ExamSysNum.elf 
   text	   data	    bss	    dec	    hex	filename
  31620	    476	   2188	  34284	   85ec	ExamSysNum.elf
Finished building: default.size.stdout
 
